Archive member included to satisfy reference by file (symbol)

/home/vtol/src/vtol/build_px4fmu-v2_default/px4io-v2/NuttX/nuttx/nuttx-export/libs/libnuttx.a(sched-irq_attach.o)
                              src/modules/px4iofirmware/CMakeFiles/px4io-v2.dir/__/__/drivers/stm32/drv_hrt.c.obj (irq_attach)
/home/vtol/src/vtol/build_px4fmu-v2_default/px4io-v2/NuttX/nuttx/nuttx-export/libs/libnuttx.a(sched-irq_initialize.o)
                              /home/vtol/src/vtol/build_px4fmu-v2_default/px4io-v2/NuttX/nuttx/nuttx-export/libs/libnuttx.a(sched-irq_attach.o) (g_irqvector)
/home/vtol/src/vtol/build_px4fmu-v2_default/px4io-v2/NuttX/nuttx/nuttx-export/libs/libnuttx.a(sched-irq_unexpectedisr.o)
                              /home/vtol/src/vtol/build_px4fmu-v2_default/px4io-v2/NuttX/nuttx/nuttx-export/libs/libnuttx.a(sched-irq_attach.o) (irq_unexpected_isr)
/home/vtol/src/vtol/build_px4fmu-v2_default/px4io-v2/NuttX/nuttx/nuttx-export/libs/libnuttx.a(c-lib_abort.o)
                              (abort)
/home/vtol/src/vtol/build_px4fmu-v2_default/px4io-v2/NuttX/nuttx/nuttx-export/libs/libnuttx.a(c-lib_cfsetspeed.o)
                              src/modules/px4iofirmware/CMakeFiles/px4io-v2.dir/__/__/lib/rc/sbus.c.obj (cfsetspeed)
/home/vtol/src/vtol/build_px4fmu-v2_default/px4io-v2/NuttX/nuttx/nuttx-export/libs/libnuttx.a(c-lib_crc32.o)
                              src/modules/px4iofirmware/CMakeFiles/px4io-v2.dir/px4io.c.obj (crc32part)
/home/vtol/src/vtol/build_px4fmu-v2_default/px4io-v2/NuttX/nuttx/nuttx-export/libs/libnuttx.a(c-lib_dprintf.o)
                              src/modules/px4iofirmware/CMakeFiles/px4io-v2.dir/__/systemlib/perf_counter.c.obj (dprintf)
/home/vtol/src/vtol/build_px4fmu-v2_default/px4io-v2/NuttX/nuttx/nuttx-export/libs/libnuttx.a(c-lib_memchr.o)
                              src/modules/px4iofirmware/CMakeFiles/px4io-v2.dir/__/systemlib/mixer/mixer.cpp.obj (memchr)
/home/vtol/src/vtol/build_px4fmu-v2_default/px4io-v2/NuttX/nuttx/nuttx-export/libs/libnuttx.a(c-lib_memcpy.o)
                              src/modules/px4iofirmware/CMakeFiles/px4io-v2.dir/mixer.cpp.obj (memcpy)
/home/vtol/src/vtol/build_px4fmu-v2_default/px4io-v2/NuttX/nuttx/nuttx-export/libs/libnuttx.a(c-lib_memmove.o)
                              src/modules/px4iofirmware/CMakeFiles/px4io-v2.dir/mixer.cpp.obj (memmove)
/home/vtol/src/vtol/build_px4fmu-v2_default/px4io-v2/NuttX/nuttx/nuttx-export/libs/libnuttx.a(c-lib_memset.o)
                              src/modules/px4iofirmware/CMakeFiles/px4io-v2.dir/px4io.c.obj (memset)
/home/vtol/src/vtol/build_px4fmu-v2_default/px4io-v2/NuttX/nuttx/nuttx-export/libs/libnuttx.a(c-lib_printf.o)
                              src/modules/px4iofirmware/CMakeFiles/px4io-v2.dir/__/systemlib/perf_counter.c.obj (printf)
/home/vtol/src/vtol/build_px4fmu-v2_default/px4io-v2/NuttX/nuttx/nuttx-export/libs/libnuttx.a(c-lib_sscanf.o)
                              src/modules/px4iofirmware/CMakeFiles/px4io-v2.dir/__/systemlib/mixer/mixer_multirotor.cpp.obj (sscanf)
/home/vtol/src/vtol/build_px4fmu-v2_default/px4io-v2/NuttX/nuttx/nuttx-export/libs/libnuttx.a(c-lib_strchr.o)
                              /home/vtol/src/vtol/build_px4fmu-v2_default/px4io-v2/NuttX/nuttx/nuttx-export/libs/libnuttx.a(c-lib_sscanf.o) (strchr)
/home/vtol/src/vtol/build_px4fmu-v2_default/px4io-v2/NuttX/nuttx/nuttx-export/libs/libnuttx.a(c-lib_strcmp.o)
                              src/modules/px4iofirmware/CMakeFiles/px4io-v2.dir/__/systemlib/perf_counter.c.obj (strcmp)
/home/vtol/src/vtol/build_px4fmu-v2_default/px4io-v2/NuttX/nuttx/nuttx-export/libs/libnuttx.a(c-lib_strcspn.o)
                              /home/vtol/src/vtol/build_px4fmu-v2_default/px4io-v2/NuttX/nuttx/nuttx-export/libs/libnuttx.a(c-lib_sscanf.o) (strcspn)
/home/vtol/src/vtol/build_px4fmu-v2_default/px4io-v2/NuttX/nuttx/nuttx-export/libs/libnuttx.a(c-lib_strncpy.o)
                              /home/vtol/src/vtol/build_px4fmu-v2_default/px4io-v2/NuttX/nuttx/nuttx-export/libs/libnuttx.a(c-lib_sscanf.o) (strncpy)
/home/vtol/src/vtol/build_px4fmu-v2_default/px4io-v2/NuttX/nuttx/nuttx-export/libs/libnuttx.a(c-lib_strtol.o)
                              /home/vtol/src/vtol/build_px4fmu-v2_default/px4io-v2/NuttX/nuttx/nuttx-export/libs/libnuttx.a(c-lib_sscanf.o) (strtol)
/home/vtol/src/vtol/build_px4fmu-v2_default/px4io-v2/NuttX/nuttx/nuttx-export/libs/libnuttx.a(c-lib_strtoul.o)
                              /home/vtol/src/vtol/build_px4fmu-v2_default/px4io-v2/NuttX/nuttx/nuttx-export/libs/libnuttx.a(c-lib_sscanf.o) (strtoul)
/home/vtol/src/vtol/build_px4fmu-v2_default/px4io-v2/NuttX/nuttx/nuttx-export/libs/libnuttx.a(c-lib_syslog.o)
                              /home/vtol/src/vtol/build_px4fmu-v2_default/px4io-v2/NuttX/nuttx/nuttx-export/libs/libnuttx.a(c-lib_printf.o) (vsyslog)
/home/vtol/src/vtol/build_px4fmu-v2_default/px4io-v2/NuttX/nuttx/nuttx-export/libs/libnuttx.a(c-lib_tcgetattr.o)
[...]
Memory Configuration

Name             Origin             Length             Attributes
flash            0x08001000         0x0000f000         xr
sram             0x20000000         0x00002000         xrw
*default*        0x00000000         0xffffffff

Linker script and memory map

LOAD src/modules/px4iofirmware/CMakeFiles/px4io-v2.dir/adc.c.obj
LOAD src/modules/px4iofirmware/CMakeFiles/px4io-v2.dir/controls.c.obj
LOAD src/modules/px4iofirmware/CMakeFiles/px4io-v2.dir/px4io.c.obj
LOAD src/modules/px4iofirmware/CMakeFiles/px4io-v2.dir/registers.c.obj
LOAD src/modules/px4iofirmware/CMakeFiles/px4io-v2.dir/safety.c.obj
LOAD src/modules/px4iofirmware/CMakeFiles/px4io-v2.dir/__/systemlib/up_cxxinitialize.c.obj
LOAD src/modules/px4iofirmware/CMakeFiles/px4io-v2.dir/__/systemlib/perf_counter.c.obj
LOAD src/modules/px4iofirmware/CMakeFiles/px4io-v2.dir/mixer.cpp.obj
LOAD src/modules/px4iofirmware/CMakeFiles/px4io-v2.dir/__/systemlib/mixer/mixer.cpp.obj
LOAD src/modules/px4iofirmware/CMakeFiles/px4io-v2.dir/__/systemlib/mixer/mixer_group.cpp.obj
LOAD src/modules/px4iofirmware/CMakeFiles/px4io-v2.dir/__/systemlib/mixer/mixer_multirotor.cpp.obj
LOAD src/modules/px4iofirmware/CMakeFiles/px4io-v2.dir/__/systemlib/mixer/mixer_helicopter.cpp.obj
LOAD src/modules/px4iofirmware/CMakeFiles/px4io-v2.dir/__/systemlib/mixer/mixer_simple.cpp.obj
LOAD src/modules/px4iofirmware/CMakeFiles/px4io-v2.dir/__/systemlib/pwm_limit/pwm_limit.c.obj
LOAD src/modules/px4iofirmware/CMakeFiles/px4io-v2.dir/__/__/lib/rc/st24.c.obj
LOAD src/modules/px4iofirmware/CMakeFiles/px4io-v2.dir/__/__/lib/rc/sumd.c.obj
LOAD src/modules/px4iofirmware/CMakeFiles/px4io-v2.dir/__/__/lib/rc/sbus.c.obj
LOAD src/modules/px4iofirmware/CMakeFiles/px4io-v2.dir/__/__/lib/rc/dsm.c.obj
LOAD src/modules/px4iofirmware/CMakeFiles/px4io-v2.dir/__/__/drivers/stm32/drv_hrt.c.obj
LOAD src/modules/px4iofirmware/CMakeFiles/px4io-v2.dir/__/__/drivers/stm32/drv_io_timer.c.obj
LOAD src/modules/px4iofirmware/CMakeFiles/px4io-v2.dir/__/__/drivers/stm32/drv_pwm_servo.c.obj
LOAD src/modules/px4iofirmware/CMakeFiles/px4io-v2.dir/__/__/drivers/boards/px4io-v2/px4io_init.c.obj
LOAD src/modules/px4iofirmware/CMakeFiles/px4io-v2.dir/__/__/drivers/boards/px4io-v2/px4io_timer_config.c.obj
LOAD src/modules/px4iofirmware/CMakeFiles/px4io-v2.dir/serial.c.obj
LOAD src/modules/px4iofirmware/CMakeFiles/px4io-v2.dir/__/systemlib/hx_stream.c.obj
START GROUP
LOAD /home/vtol/src/vtol/build_px4fmu-v2_default/px4io-v2/NuttX/nuttx/nuttx-export/libs/libapps.a
LOAD /home/vtol/src/vtol/build_px4fmu-v2_default/px4io-v2/NuttX/nuttx/nuttx-export/libs/libnuttx.a
LOAD /home/vtol/gcc-arm-none-eabi-5_4-2016q2/bin/../lib/gcc/arm-none-eabi/5.4.1/../../../../arm-none-eabi/lib/armv7-m/libnosys.a
LOAD /home/vtol/gcc-arm-none-eabi-5_4-2016q2/bin/../lib/gcc/arm-none-eabi/5.4.1/../../../../arm-none-eabi/lib/armv7-m/libm.a
LOAD /home/vtol/gcc-arm-none-eabi-5_4-2016q2/bin/../lib/gcc/arm-none-eabi/5.4.1/armv7-m/libgcc.a
END GROUP

.text           0x08001000     0xd440
                0x08001000                _stext = ABSOLUTE (.)
 *(.vectors)
 .vectors       0x08001000      0x134 /home/vtol/src/vtol/build_px4fmu-v2_default/px4io-v2/NuttX/nuttx/nuttx-export/libs/libnuttx.a(arch-up_vectors.o)
                0x08001000                _vectors
 *(.text .text.*)
 .text.adc_init
                0x08001134       0x88 src/modules/px4iofirmware/CMakeFiles/px4io-v2.dir/adc.c.obj
                0x08001134                adc_init
 .text.adc_measure
                0x080011bc       0x78 src/modules/px4iofirmware/CMakeFiles/px4io-v2.dir/adc.c.obj
                0x080011bc                adc_measure
 .text.controls_init
                0x08001234       0x90 src/modules/px4iofirmware/CMakeFiles/px4io-v2.dir/controls.c.obj
                0x08001234                controls_init
 .text.controls_tick
                0x080012c4      0x63c src/modules/px4iofirmware/CMakeFiles/px4io-v2.dir/controls.c.obj
                0x080012c4                controls_tick
 .text.isr_debug
                0x08001900       0x4c src/modules/px4iofirmware/CMakeFiles/px4io-v2.dir/px4io.c.obj
                0x08001900                isr_debug
 .text.schedule_reboot
                0x0800194c       0x1c src/modules/px4iofirmware/CMakeFiles/px4io-v2.dir/px4io.c.obj
                0x0800194c                schedule_reboot
 .text.user_start
                0x08001968      0x3a8 src/modules/px4iofirmware/CMakeFiles/px4io-v2.dir/px4io.c.obj
                0x08001968                user_start
 .text.pwm_configure_rates
                0x08001d10       0x7c src/modules/px4iofirmware/CMakeFiles/px4io-v2.dir/registers.c.obj
 .text.registers_set
                0x08001d8c      0x544 src/modules/px4iofirmware/CMakeFiles/px4io-v2.dir/registers.c.obj
                0x08001d8c                registers_set
 .text.registers_get
                0x080022d0      0x1ac src/modules/px4iofirmware/CMakeFiles/px4io-v2.dir/registers.c.obj
                0x080022d0                registers_get
 .text.safety_check_button
                0x0800247c       0xd8 src/modules/px4iofirmware/CMakeFiles/px4io-v2.dir/safety.c.obj
 .text.failsafe_blink
                0x08002554       0x38 src/modules/px4iofirmware/CMakeFiles/px4io-v2.dir/safety.c.obj
 .text.safety_init
                0x0800258c       0x30 src/modules/px4iofirmware/CMakeFiles/px4io-v2.dir/safety.c.obj
                0x0800258c                safety_init
 .text.failsafe_led_init
                0x080025bc       0x30 src/modules/px4iofirmware/CMakeFiles/px4io-v2.dir/safety.c.obj
                0x080025bc                failsafe_led_init
 .text.up_cxxinitialize
                0x080025ec       0x30 src/modules/px4iofirmware/CMakeFiles/px4io-v2.dir/__/systemlib/up_cxxinitialize.c.obj
                0x080025ec                up_cxxinitialize
 .text.perf_count
                0x0800261c       0xf8 src/modules/px4iofirmware/CMakeFiles/px4io-v2.dir/__/systemlib/perf_counter.c.obj
                0x0800261c                perf_count
 .text.perf_begin
                0x08002714       0x16 src/modules/px4iofirmware/CMakeFiles/px4io-v2.dir/__/systemlib/perf_counter.c.obj
                0x08002714                perf_begin
 *fill*         0x0800272a        0x2 
 .text.perf_end
                0x0800272c       0xd8 src/modules/px4iofirmware/CMakeFiles/px4io-v2.dir/__/systemlib/perf_counter.c.obj
                0x0800272c                perf_end
 .text._ZL14mixer_callbackjhhRf
                0x08002804      0x1b0 src/modules/px4iofirmware/CMakeFiles/px4io-v2.dir/mixer.cpp.obj
 .text.mixer_handle_text
                0x080029b4      0x118 src/modules/px4iofirmware/CMakeFiles/px4io-v2.dir/mixer.cpp.obj
                0x080029b4                mixer_handle_text
 .text.startup._GLOBAL__sub_I_mixer_tick
                0x08002acc       0x2c src/modules/px4iofirmware/CMakeFiles/px4io-v2.dir/mixer.cpp.obj
 .text._ZL20mixer_mix_threadsafePfPVt.constprop.2
                0x08002af8       0x44 src/modules/px4iofirmware/CMakeFiles/px4io-v2.dir/mixer.cpp.obj
 .text.mixer_set_failsafe
                0x08002b3c      0x104 src/modules/px4iofirmware/CMakeFiles/px4io-v2.dir/mixer.cpp.obj
                0x08002b3c                mixer_set_failsafe
 .text.mixer_tick
                0x08002c40      0x4c8 src/modules/px4iofirmware/CMakeFiles/px4io-v2.dir/mixer.cpp.obj
                0x08002c40                mixer_tick
 .text._ZN5Mixer22set_max_delta_out_onceEf
                0x08003108        0x2 src/modules/px4iofirmware/CMakeFiles/px4io-v2.dir/__/systemlib/mixer/mixer.cpp.obj
                0x08003108                Mixer::set_max_delta_out_once(float)
 .text._ZN5Mixer17set_thrust_factorEf
                0x0800310a        0x2 src/modules/px4iofirmware/CMakeFiles/px4io-v2.dir/__/systemlib/mixer/mixer.cpp.obj
                0x0800310a                Mixer::set_thrust_factor(float)
 .text._ZN9NullMixerD2Ev
                0x0800310c        0x2 src/modules/px4iofirmware/CMakeFiles/px4io-v2.dir/__/systemlib/mixer/mixer.cpp.obj
                0x0800310c                NullMixer::~NullMixer()
                0x0800310c                NullMixer::~NullMixer()
 .text._ZN9NullMixer10set_offsetEf
                0x0800310e        0x2 src/modules/px4iofirmware/CMakeFiles/px4io-v2.dir/__/systemlib/mixer/mixer.cpp.obj
                0x0800310e                NullMixer::set_offset(float)
 .text._ZN9NullMixer8set_trimEf
                0x08003110        0x4 src/modules/px4iofirmware/CMakeFiles/px4io-v2.dir/__/systemlib/mixer/mixer.cpp.obj
                0x08003110                NullMixer::set_trim(float)
 .text._ZN9NullMixer3mixEPfjPt
                0x08003114        0xe src/modules/px4iofirmware/CMakeFiles/px4io-v2.dir/__/systemlib/mixer/mixer.cpp.obj
                0x08003114                NullMixer::mix(float*, unsigned int, unsigned short*)
 .text._ZN9NullMixer21get_saturation_statusEv
                0x08003122        0x4 src/modules/px4iofirmware/CMakeFiles/px4io-v2.dir/__/systemlib/mixer/mixer.cpp.obj
                0x08003122                NullMixer::get_saturation_status()
 .text._ZN9NullMixer15groups_requiredERj
                0x08003126        0x2 src/modules/px4iofirmware/CMakeFiles/px4io-v2.dir/__/systemlib/mixer/mixer.cpp.obj
                0x08003126                NullMixer::groups_required(unsigned int&)
 .text._ZN9NullMixerD0Ev
                0x08003128        0xc src/modules/px4iofirmware/CMakeFiles/px4io-v2.dir/__/systemlib/mixer/mixer.cpp.obj
                0x08003128                NullMixer::~NullMixer()
 .text._ZN5MixerC2EPFijhhRfEj
                0x08003134       0x14 src/modules/px4iofirmware/CMakeFiles/px4io-v2.dir/__/systemlib/mixer/mixer.cpp.obj
                0x08003134                Mixer::Mixer(int (*)(unsigned int, unsigned char, unsigned char, float&), unsigned int)
                0x08003134                Mixer::Mixer(int (*)(unsigned int, unsigned char, unsigned char, float&), unsigned int)
 .text._ZN5Mixer11get_controlEhh
                0x08003148       0x10 src/modules/px4iofirmware/CMakeFiles/px4io-v2.dir/__/systemlib/mixer/mixer.cpp.obj
                0x08003148                Mixer::get_control(unsigned char, unsigned char)
 .text._ZN5Mixer5scaleERK14mixer_scaler_sf
                0x08003158       0x44 src/modules/px4iofirmware/CMakeFiles/px4io-v2.dir/__/systemlib/mixer/mixer.cpp.obj
                0x08003158                Mixer::scale(mixer_scaler_s const&, float)
 .text._ZN5Mixer7findtagEPKcRjc
                0x0800319c       0x26 src/modules/px4iofirmware/CMakeFiles/px4io-v2.dir/__/systemlib/mixer/mixer.cpp.obj
                0x0800319c                Mixer::findtag(char const*, unsigned int&, char)
 .text._ZN5Mixer8skiplineEPKcRj
                0x080031c2       0x2a src/modules/px4iofirmware/CMakeFiles/px4io-v2.dir/__/systemlib/mixer/mixer.cpp.obj
                0x080031c2                Mixer::skipline(char const*, unsigned int&)
 .text._ZN5Mixer18string_well_formedEPKcRj
                0x080031ec       0x20 src/modules/px4iofirmware/CMakeFiles/px4io-v2.dir/__/systemlib/mixer/mixer.cpp.obj
                0x080031ec                Mixer::string_well_formed(char const*, unsigned int&)
 .text._ZN9NullMixerC2Ev
                0x0800320c       0x14 src/modules/px4iofirmware/CMakeFiles/px4io-v2.dir/__/systemlib/mixer/mixer.cpp.obj
                0x0800320c                NullMixer::NullMixer()
                0x0800320c                NullMixer::NullMixer()
 .text._ZN9NullMixer9from_textEPKcRj
                0x08003220       0x3a src/modules/px4iofirmware/CMakeFiles/px4io-v2.dir/__/systemlib/mixer/mixer.cpp.obj
                0x08003220                NullMixer::from_text(char const*, unsigned int&)
 .text._ZN10MixerGroup8set_trimEf
                0x0800325a        0x4 src/modules/px4iofirmware/CMakeFiles/px4io-v2.dir/__/systemlib/mixer/mixer_group.cpp.obj
                0x0800325a                MixerGroup::set_trim(float)
 .text._ZN10MixerGroup3mixEPfjPt
                0x0800325e       0x30 src/modules/px4iofirmware/CMakeFiles/px4io-v2.dir/__/systemlib/mixer/mixer_group.cpp.obj
                0x0800325e                MixerGroup::mix(float*, unsigned int, unsigned short*)
 .text._ZN10MixerGroup17set_thrust_factorEf
                0x0800328e       0x18 src/modules/px4iofirmware/CMakeFiles/px4io-v2.dir/__/systemlib/mixer/mixer_group.cpp.obj
                0x0800328e                MixerGroup::set_thrust_factor(float)
 .text._ZN10MixerGroup21get_saturation_statusEv
                0x080032a6       0x1c src/modules/px4iofirmware/CMakeFiles/px4io-v2.dir/__/systemlib/mixer/mixer_group.cpp.obj
                0x080032a6                MixerGroup::get_saturation_status()
 .text._ZN10MixerGroup15groups_requiredERj
                0x080032c2       0x18 src/modules/px4iofirmware/CMakeFiles/px4io-v2.dir/__/systemlib/mixer/mixer_group.cpp.obj
                0x080032c2                MixerGroup::groups_required(unsigned int&)
 .text._ZN10MixerGroup22set_max_delta_out_onceEf
                0x080032da       0x18 src/modules/px4iofirmware/CMakeFiles/px4io-v2.dir/__/systemlib/mixer/mixer_group.cpp.obj
                0x080032da                MixerGroup::set_max_delta_out_once(float)
 *fill*         0x080032f2        0x2 
 .text._ZN10MixerGroupC2EPFijhhRfEj
                0x080032f4       0x18 src/modules/px4iofirmware/CMakeFiles/px4io-v2.dir/__/systemlib/mixer/mixer_group.cpp.obj
                0x080032f4                MixerGroup::MixerGroup(int (*)(unsigned int, unsigned char, unsigned char, float&), unsigned int)
                0x080032f4                MixerGroup::MixerGroup(int (*)(unsigned int, unsigned char, unsigned char, float&), unsigned int)
 .text._ZN10MixerGroup9add_mixerEP5Mixer
                0x0800330c       0x14 src/modules/px4iofirmware/CMakeFiles/px4io-v2.dir/__/systemlib/mixer/mixer_group.cpp.obj
                0x0800330c                MixerGroup::add_mixer(Mixer*)
 .text._ZN10MixerGroup5resetEv
                0x08003320       0x1a src/modules/px4iofirmware/CMakeFiles/px4io-v2.dir/__/systemlib/mixer/mixer_group.cpp.obj
                0x08003320                MixerGroup::reset()
 *fill*         0x0800333a        0x2 
 .text._ZN10MixerGroupD2Ev
                0x0800333c       0x14 src/modules/px4iofirmware/CMakeFiles/px4io-v2.dir/__/systemlib/mixer/mixer_group.cpp.obj
                0x0800333c                MixerGroup::~MixerGroup()
                0x0800333c                MixerGroup::~MixerGroup()
 .text._ZN10MixerGroupD0Ev
                0x08003350       0x12 src/modules/px4iofirmware/CMakeFiles/px4io-v2.dir/__/systemlib/mixer/mixer_group.cpp.obj
                0x08003350                MixerGroup::~MixerGroup()
 *fill*         0x08003362        0x2 
 .text._ZN10MixerGroup9set_trimsEPsj
                0x08003364       0x5c src/modules/px4iofirmware/CMakeFiles/px4io-v2.dir/__/systemlib/mixer/mixer_group.cpp.obj
                0x08003364                MixerGroup::set_trims(short*, unsigned int)
 .text._ZN10MixerGroup13load_from_bufEPKcRj
                0x080033c0       0x80 src/modules/px4iofirmware/CMakeFiles/px4io-v2.dir/__/systemlib/mixer/mixer_group.cpp.obj
                0x080033c0                MixerGroup::load_from_buf(char const*, unsigned int&)
 .text._ZN15MultirotorMixer22set_max_delta_out_onceEf
                0x08003440        0x4 src/modules/px4iofirmware/CMakeFiles/px4io-v2.dir/__/systemlib/mixer/mixer_multirotor.cpp.obj
                0x08003440                MultirotorMixer::set_max_delta_out_once(float)
 .text._ZN15MultirotorMixer8set_trimEf
                0x08003444        0x4 src/modules/px4iofirmware/CMakeFiles/px4io-v2.dir/__/systemlib/mixer/mixer_multirotor.cpp.obj
                0x08003444                MultirotorMixer::set_trim(float)
 .text._ZN15MultirotorMixer17set_thrust_factorEf
                0x08003448        0x4 src/modules/px4iofirmware/CMakeFiles/px4io-v2.dir/__/systemlib/mixer/mixer_multirotor.cpp.obj
                0x08003448                MultirotorMixer::set_thrust_factor(float)
 .text._ZN15MultirotorMixer15groups_requiredERj
                0x0800344c        0xa src/modules/px4iofirmware/CMakeFiles/px4io-v2.dir/__/systemlib/mixer/mixer_multirotor.cpp.obj
                0x0800344c                MultirotorMixer::groups_required(unsigned int&)
 .text._ZN15MultirotorMixer21get_saturation_statusEv
                0x08003456        0x6 src/modules/px4iofirmware/CMakeFiles/px4io-v2.dir/__/systemlib/mixer/mixer_multirotor.cpp.obj
                0x08003456                MultirotorMixer::get_saturation_status()
 .text._ZN15MultirotorMixerD2Ev
                0x0800345c       0x18 src/modules/px4iofirmware/CMakeFiles/px4io-v2.dir/__/systemlib/mixer/mixer_multirotor.cpp.obj
                0x0800345c                MultirotorMixer::~MultirotorMixer()
                0x0800345c                MultirotorMixer::~MultirotorMixer()
 .text._ZN15MultirotorMixerD0Ev
                0x08003474       0x12 src/modules/px4iofirmware/CMakeFiles/px4io-v2.dir/__/systemlib/mixer/mixer_multirotor.cpp.obj
                0x08003474                MultirotorMixer::~MultirotorMixer()
 *fill*         0x08003486        0x2 
 .text._ZN15MultirotorMixerC2EPFijhhRfEj18MultirotorGeometryffff
                0x08003488       0x80 src/modules/px4iofirmware/CMakeFiles/px4io-v2.dir/__/systemlib/mixer/mixer_multirotor.cpp.obj
                0x08003488                MultirotorMixer::MultirotorMixer(int (*)(unsigned int, unsigned char, unsigned char, float&), unsigned int, MultirotorGeometry, float, float, float, float)
                0x08003488                MultirotorMixer::MultirotorMixer(int (*)(unsigned int, unsigned char, unsigned char, float&), unsigned int, MultirotorGeometry, float, float, float, float)
 .text._ZN15MultirotorMixer9from_textEPFijhhRfEjPKcRj
                0x08003508      0x1e0 src/modules/px4iofirmware/CMakeFiles/px4io-v2.dir/__/systemlib/mixer/mixer_multirotor.cpp.obj
                0x08003508                MultirotorMixer::from_text(int (*)(unsigned int, unsigned char, unsigned char, float&), unsigned int, char const*, unsigned int&)
 .text._ZN15MultirotorMixer24update_saturation_statusEjbb
                0x080036e8      0x146 src/modules/px4iofirmware/CMakeFiles/px4io-v2.dir/__/systemlib/mixer/mixer_multirotor.cpp.obj
                0x080036e8                MultirotorMixer::update_saturation_status(unsigned int, bool, bool)
 *fill*         0x0800382e        0x2 
 .text._ZN15MultirotorMixer3mixEPfjPt
                0x08003830      0x75c src/modules/px4iofirmware/CMakeFiles/px4io-v2.dir/__/systemlib/mixer/mixer_multirotor.cpp.obj
                0x08003830                MultirotorMixer::mix(float*, unsigned int, unsigned short*)
 .text._ZN15HelicopterMixer21get_saturation_statusEv
                0x08003f8c        0x4 src/modules/px4iofirmware/CMakeFiles/px4io-v2.dir/__/systemlib/mixer/mixer_helicopter.cpp.obj
                0x08003f8c                HelicopterMixer::get_saturation_status()
 .text._ZN15HelicopterMixer8set_trimEf
                0x08003f90        0x4 src/modules/px4iofirmware/CMakeFiles/px4io-v2.dir/__/systemlib/mixer/mixer_helicopter.cpp.obj
                0x08003f90                HelicopterMixer::set_trim(float)
 .text._ZN15HelicopterMixerD2Ev
                0x08003f94        0x2 src/modules/px4iofirmware/CMakeFiles/px4io-v2.dir/__/systemlib/mixer/mixer_helicopter.cpp.obj
                0x08003f94                HelicopterMixer::~HelicopterMixer()
                0x08003f94                HelicopterMixer::~HelicopterMixer()
 .text._ZN15HelicopterMixer15groups_requiredERj
                0x08003f96        0xa src/modules/px4iofirmware/CMakeFiles/px4io-v2.dir/__/systemlib/mixer/mixer_helicopter.cpp.obj
                0x08003f96                HelicopterMixer::groups_required(unsigned int&)
 .text._ZN15HelicopterMixerD0Ev
                0x08003fa0        0xc src/modules/px4iofirmware/CMakeFiles/px4io-v2.dir/__/systemlib/mixer/mixer_helicopter.cpp.obj
                0x08003fa0                HelicopterMixer::~HelicopterMixer()
 .text._ZN15HelicopterMixer3mixEPfjPt
                0x08003fac      0x1b6 src/modules/px4iofirmware/CMakeFiles/px4io-v2.dir/__/systemlib/mixer/mixer_helicopter.cpp.obj
                0x08003fac                HelicopterMixer::mix(float*, unsigned int, unsigned short*)
 *fill*         0x08004162        0x2 
 .text._ZN15HelicopterMixerC2EPFijhhRfEjP12mixer_heli_s
                0x08004164       0x24 src/modules/px4iofirmware/CMakeFiles/px4io-v2.dir/__/systemlib/mixer/mixer_helicopter.cpp.obj
                0x08004164                HelicopterMixer::HelicopterMixer(int (*)(unsigned int, unsigned char, unsigned char, float&), unsigned int, mixer_heli_s*)
                0x08004164                HelicopterMixer::HelicopterMixer(int (*)(unsigned int, unsigned char, unsigned char, float&), unsigned int, mixer_heli_s*)
 .text._ZN15HelicopterMixer9from_textEPFijhhRfEjPKcRj
                0x08004188      0x20c src/modules/px4iofirmware/CMakeFiles/px4io-v2.dir/__/systemlib/mixer/mixer_helicopter.cpp.obj
                0x08004188                HelicopterMixer::from_text(int (*)(unsigned int, unsigned char, unsigned char, float&), unsigned int, char const*, unsigned int&)
 .text._ZN11SimpleMixer8set_trimEf
                0x08004394        0x8 src/modules/px4iofirmware/CMakeFiles/px4io-v2.dir/__/systemlib/mixer/mixer_simple.cpp.obj
                0x08004394                SimpleMixer::set_trim(float)
 .text._ZN11SimpleMixer21get_saturation_statusEv
                0x0800439c        0x4 src/modules/px4iofirmware/CMakeFiles/px4io-v2.dir/__/systemlib/mixer/mixer_simple.cpp.obj
                0x0800439c                SimpleMixer::get_saturation_status()
 .text._ZN11SimpleMixer15groups_requiredERj
                0x080043a0       0x26 src/modules/px4iofirmware/CMakeFiles/px4io-v2.dir/__/systemlib/mixer/mixer_simple.cpp.obj
                0x080043a0                SimpleMixer::groups_required(unsigned int&)
 *fill*         0x080043c6        0x2 
 .text._ZN11SimpleMixerD2Ev
                0x080043c8       0x18 src/modules/px4iofirmware/CMakeFiles/px4io-v2.dir/__/systemlib/mixer/mixer_simple.cpp.obj
                0x080043c8                SimpleMixer::~SimpleMixer()
                0x080043c8                SimpleMixer::~SimpleMixer()
 .text._ZN11SimpleMixerD0Ev
                0x080043e0       0x12 src/modules/px4iofirmware/CMakeFiles/px4io-v2.dir/__/systemlib/mixer/mixer_simple.cpp.obj
                0x080043e0                SimpleMixer::~SimpleMixer()
 .text._ZN11SimpleMixer3mixEPfjPt
                0x080043f2       0x62 src/modules/px4iofirmware/CMakeFiles/px4io-v2.dir/__/systemlib/mixer/mixer_simple.cpp.obj
                0x080043f2                SimpleMixer::mix(float*, unsigned int, unsigned short*)
 .text._ZN11SimpleMixer19parse_output_scalerEPKcRjR14mixer_scaler_s
                0x08004454       0xa4 src/modules/px4iofirmware/CMakeFiles/px4io-v2.dir/__/systemlib/mixer/mixer_simple.cpp.obj
                0x08004454                SimpleMixer::parse_output_scaler(char const*, unsigned int&, mixer_scaler_s&)
 .text._ZN11SimpleMixer20parse_control_scalerEPKcRjR14mixer_scaler_sRhS5_
                0x080044f8       0xac src/modules/px4iofirmware/CMakeFiles/px4io-v2.dir/__/systemlib/mixer/mixer_simple.cpp.obj
                0x080044f8                SimpleMixer::parse_control_scaler(char const*, unsigned int&, mixer_scaler_s&, unsigned char&, unsigned char&)
 .text._ZN11SimpleMixer9from_textEPFijhhRfEjPKcRj
                0x080045a4       0xc4 src/modules/px4iofirmware/CMakeFiles/px4io-v2.dir/__/systemlib/mixer/mixer_simple.cpp.obj
                0x080045a4                SimpleMixer::from_text(int (*)(unsigned int, unsigned char, unsigned char, float&), unsigned int, char const*, unsigned int&)
 .text.pwm_limit_init
                0x08004668        0xe src/modules/px4iofirmware/CMakeFiles/px4io-v2.dir/__/systemlib/pwm_limit/pwm_limit.c.obj
                0x08004668                pwm_limit_init
 *fill*         0x08004676        0x2 
 .text.pwm_limit_calc
                0x08004678      0x218 src/modules/px4iofirmware/CMakeFiles/px4io-v2.dir/__/systemlib/pwm_limit/pwm_limit.c.obj
                0x08004678                pwm_limit_calc
 .text.st24_common_crc8
                0x08004890       0x3a src/modules/px4iofirmware/CMakeFiles/px4io-v2.dir/__/__/lib/rc/st24.c.obj
                0x08004890                st24_common_crc8
 *fill*         0x080048ca        0x2 
 .text.st24_decode
                0x080048cc      0x21c src/modules/px4iofirmware/CMakeFiles/px4io-v2.dir/__/__/lib/rc/st24.c.obj
                0x080048cc                st24_decode
 .text.sumd_crc16
                0x08004ae8       0x20 src/modules/px4iofirmware/CMakeFiles/px4io-v2.dir/__/__/lib/rc/sumd.c.obj
                0x08004ae8                sumd_crc16
 .text.sumd_decode
                0x08004b08      0x38c src/modules/px4iofirmware/CMakeFiles/px4io-v2.dir/__/__/lib/rc/sumd.c.obj
                0x08004b08                sumd_decode
 .text.sbus_config
                0x08004e94       0x64 src/modules/px4iofirmware/CMakeFiles/px4io-v2.dir/__/__/lib/rc/sbus.c.obj
                0x08004e94                sbus_config
 .text.sbus_init
                0x08004ef8       0x1e src/modules/px4iofirmware/CMakeFiles/px4io-v2.dir/__/__/lib/rc/sbus.c.obj
                0x08004ef8                sbus_init
 *fill*         0x08004f16        0x2 
 .text.sbus1_output
                0x08004f18       0xfc src/modules/px4iofirmware/CMakeFiles/px4io-v2.dir/__/__/lib/rc/sbus.c.obj
                0x08004f18                sbus1_output
 .text.sbus2_output
                0x08005014        0x4 src/modules/px4iofirmware/CMakeFiles/px4io-v2.dir/__/__/lib/rc/sbus.c.obj
                0x08005014                sbus2_output
 .text.sbus_parse
                0x08005018      0x2a0 src/modules/px4iofirmware/CMakeFiles/px4io-v2.dir/__/__/lib/rc/sbus.c.obj
                0x08005018                sbus_parse
 .text.sbus_input
                0x080052b8       0x50 src/modules/px4iofirmware/CMakeFiles/px4io-v2.dir/__/__/lib/rc/sbus.c.obj
                0x080052b8                sbus_input
 .text.sbus1_set_output_rate_hz
                0x08005308       0x28 src/modules/px4iofirmware/CMakeFiles/px4io-v2.dir/__/__/lib/rc/sbus.c.obj
                0x08005308                sbus1_set_output_rate_hz
 .text.dsm_config
                0x08005330       0x80 src/modules/px4iofirmware/CMakeFiles/px4io-v2.dir/__/__/lib/rc/dsm.c.obj
                0x08005330                dsm_config
 .text.dsm_proto_init
                0x080053b0       0x38 src/modules/px4iofirmware/CMakeFiles/px4io-v2.dir/__/__/lib/rc/dsm.c.obj
                0x080053b0                dsm_proto_init
 .text.dsm_init
                0x080053e8       0x30 src/modules/px4iofirmware/CMakeFiles/px4io-v2.dir/__/__/lib/rc/dsm.c.obj
                0x080053e8                dsm_init
 .text.dsm_bind
                0x08005418       0x9c src/modules/px4iofirmware/CMakeFiles/px4io-v2.dir/__/__/lib/rc/dsm.c.obj
                0x08005418                dsm_bind
 .text.dsm_parse
                0x080054b4      0x388 src/modules/px4iofirmware/CMakeFiles/px4io-v2.dir/__/__/lib/rc/dsm.c.obj
                0x080054b4                dsm_parse
 .text.dsm_input
                0x0800583c       0x5c src/modules/px4iofirmware/CMakeFiles/px4io-v2.dir/__/__/lib/rc/dsm.c.obj
                0x0800583c                dsm_input
 .text.hrt_absolute_time
                0x08005898       0x4c src/modules/px4iofirmware/CMakeFiles/px4io-v2.dir/__/__/drivers/stm32/drv_hrt.c.obj
                0x08005898                hrt_absolute_time
 .text.hrt_call_reschedule
                0x080058e4       0x58 src/modules/px4iofirmware/CMakeFiles/px4io-v2.dir/__/__/drivers/stm32/drv_hrt.c.obj
 .text.hrt_call_enter
                0x0800593c       0x4c src/modules/px4iofirmware/CMakeFiles/px4io-v2.dir/__/__/drivers/stm32/drv_hrt.c.obj
 .text.hrt_call_internal
                0x08005988       0x4c src/modules/px4iofirmware/CMakeFiles/px4io-v2.dir/__/__/drivers/stm32/drv_hrt.c.obj
 .text.hrt_tim_isr
                0x080059d4      0x1e8 src/modules/px4iofirmware/CMakeFiles/px4io-v2.dir/__/__/drivers/stm32/drv_hrt.c.obj
 .text.hrt_elapsed_time
                0x08005bbc       0x24 src/modules/px4iofirmware/CMakeFiles/px4io-v2.dir/__/__/drivers/stm32/drv_hrt.c.obj
                0x08005bbc                hrt_elapsed_time
 .text.hrt_init
                0x08005be0       0x84 src/modules/px4iofirmware/CMakeFiles/px4io-v2.dir/__/__/drivers/stm32/drv_hrt.c.obj
                0x08005be0                hrt_init
 .text.hrt_call_every
                0x08005c64       0x32 src/modules/px4iofirmware/CMakeFiles/px4io-v2.dir/__/__/drivers/stm32/drv_hrt.c.obj
                0x08005c64                hrt_call_every
 *fill*         0x08005c96        0x2 
 .text.io_timer_handler
                0x08005c98       0xdc src/modules/px4iofirmware/CMakeFiles/px4io-v2.dir/__/__/drivers/stm32/drv_io_timer.c.obj
 .text.get_timer_channels
                0x08005d74       0x34 src/modules/px4iofirmware/CMakeFiles/px4io-v2.dir/__/__/drivers/stm32/drv_io_timer.c.obj
 .text.io_timer_handler0
                0x08005da8        0x6 src/modules/px4iofirmware/CMakeFiles/px4io-v2.dir/__/__/drivers/stm32/drv_io_timer.c.obj
                0x08005da8                io_timer_handler0
 .text.io_timer_handler1
                0x08005dae        0x6 src/modules/px4iofirmware/CMakeFiles/px4io-v2.dir/__/__/drivers/stm32/drv_io_timer.c.obj
                0x08005dae                io_timer_handler1
 .text.io_timer_handler2
                0x08005db4        0x6 src/modules/px4iofirmware/CMakeFiles/px4io-v2.dir/__/__/drivers/stm32/drv_io_timer.c.obj
                0x08005db4                io_timer_handler2
 *fill*         0x08005dba        0x2 
 .text.io_timer_validate_channel_index
                0x08005dbc       0x3c src/modules/px4iofirmware/CMakeFiles/px4io-v2.dir/__/__/drivers/stm32/drv_io_timer.c.obj
                0x08005dbc                io_timer_validate_channel_index
 .text.io_timer_is_channel_free
                0x08005df8       0x20 src/modules/px4iofirmware/CMakeFiles/px4io-v2.dir/__/__/drivers/stm32/drv_io_timer.c.obj
                0x08005df8                io_timer_is_channel_free
 .text.io_timer_get_mode_channels
                0x08005e18       0x10 src/modules/px4iofirmware/CMakeFiles/px4io-v2.dir/__/__/drivers/stm32/drv_io_timer.c.obj
                0x08005e18                io_timer_get_mode_channels
 .text.io_timer_get_channel_mode
                0x08005e28       0x24 src/modules/px4iofirmware/CMakeFiles/px4io-v2.dir/__/__/drivers/stm32/drv_io_timer.c.obj
                0x08005e28                io_timer_get_channel_mode
 .text.io_timer_init_timer
                0x08005e4c       0xb0 src/modules/px4iofirmware/CMakeFiles/px4io-v2.dir/__/__/drivers/stm32/drv_io_timer.c.obj
                0x08005e4c                io_timer_init_timer
 .text.io_timer_set_rate
                0x08005efc       0x34 src/modules/px4iofirmware/CMakeFiles/px4io-v2.dir/__/__/drivers/stm32/drv_io_timer.c.obj
                0x08005efc                io_timer_set_rate
 .text.io_timer_channel_init
                0x08005f30      0x158 src/modules/px4iofirmware/CMakeFiles/px4io-v2.dir/__/__/drivers/stm32/drv_io_timer.c.obj
                0x08005f30                io_timer_channel_init
 .text.io_timer_set_enable
                0x08006088      0x18c src/modules/px4iofirmware/CMakeFiles/px4io-v2.dir/__/__/drivers/stm32/drv_io_timer.c.obj
                0x08006088                io_timer_set_enable
 .text.io_timer_free_channel
                0x08006214       0x50 src/modules/px4iofirmware/CMakeFiles/px4io-v2.dir/__/__/drivers/stm32/drv_io_timer.c.obj
                0x08006214                io_timer_free_channel
 .text.io_timer_set_ccr
                0x08006264       0x44 src/modules/px4iofirmware/CMakeFiles/px4io-v2.dir/__/__/drivers/stm32/drv_io_timer.c.obj
                0x08006264                io_timer_set_ccr
 .text.io_timer_get_group
                0x080062a8        0x4 src/modules/px4iofirmware/CMakeFiles/px4io-v2.dir/__/__/drivers/stm32/drv_io_timer.c.obj
                0x080062a8                io_timer_get_group
 .text.up_pwm_servo_set
                0x080062ac        0x4 src/modules/px4iofirmware/CMakeFiles/px4io-v2.dir/__/__/drivers/stm32/drv_pwm_servo.c.obj
                0x080062ac                up_pwm_servo_set
 .text.up_pwm_servo_init
                0x080062b0       0x6c src/modules/px4iofirmware/CMakeFiles/px4io-v2.dir/__/__/drivers/stm32/drv_pwm_servo.c.obj
                0x080062b0                up_pwm_servo_init
 .text.up_pwm_servo_set_rate_group_update
                0x0800631c       0x30 src/modules/px4iofirmware/CMakeFiles/px4io-v2.dir/__/__/drivers/stm32/drv_pwm_servo.c.obj
                0x0800631c                up_pwm_servo_set_rate_group_update
 .text.up_pwm_servo_get_rate_group
                0x0800634c        0x4 src/modules/px4iofirmware/CMakeFiles/px4io-v2.dir/__/__/drivers/stm32/drv_pwm_servo.c.obj
                0x0800634c                up_pwm_servo_get_rate_group
 .text.up_pwm_servo_arm
                0x08006350        0x8 src/modules/px4iofirmware/CMakeFiles/px4io-v2.dir/__/__/drivers/stm32/drv_pwm_servo.c.obj
                0x08006350                up_pwm_servo_arm
 .text.stm32_boardinitialize
                0x08006358      0x110 src/modules/px4iofirmware/CMakeFiles/px4io-v2.dir/__/__/drivers/boards/px4io-v2/px4io_init.c.obj
                0x08006358                stm32_boardinitialize
 .text.dma_reset
                0x08006468       0x6c src/modules/px4iofirmware/CMakeFiles/px4io-v2.dir/serial.c.obj
 .text.rx_dma_callback
                0x080064d4      0x158 src/modules/px4iofirmware/CMakeFiles/px4io-v2.dir/serial.c.obj
 .text.serial_interrupt
                0x0800662c       0xd0 src/modules/px4iofirmware/CMakeFiles/px4io-v2.dir/serial.c.obj
 .text.interface_init
                0x080066fc       0xcc src/modules/px4iofirmware/CMakeFiles/px4io-v2.dir/serial.c.obj
                0x080066fc                interface_init
 .text.irq_attach
                0x080067c8       0x38 /home/vtol/src/vtol/build_px4fmu-v2_default/px4io-v2/NuttX/nuttx/nuttx-export/libs/libnuttx.a(sched-irq_attach.o)
                0x080067c8                irq_attach
 .text.irq_initialize
                0x08006800       0x1c /home/vtol/src/vtol/build_px4fmu-v2_default/px4io-v2/NuttX/nuttx/nuttx-export/libs/libnuttx.a(sched-irq_initialize.o)
                0x08006800                irq_initialize
 .text.irq_unexpected_isr
                0x0800681c       0x18 /home/vtol/src/vtol/build_px4fmu-v2_default/px4io-v2/NuttX/nuttx/nuttx-export/libs/libnuttx.a(sched-irq_unexpectedisr.o)
                0x0800681c                irq_unexpected_isr
 .text.abort    0x08006834        0x8 /home/vtol/src/vtol/build_px4fmu-v2_default/px4io-v2/NuttX/nuttx/nuttx-export/libs/libnuttx.a(c-lib_abort.o)
                0x08006834                abort
 .text.cfsetspeed
                0x0800683c        0x6 /home/vtol/src/vtol/build_px4fmu-v2_default/px4io-v2/NuttX/nuttx/nuttx-export/libs/libnuttx.a(c-lib_cfsetspeed.o)
                0x0800683c                cfsetspeed
 *fill*         0x08006842        0x2 
 .text.crc32part
                0x08006844       0x24 /home/vtol/src/vtol/build_px4fmu-v2_default/px4io-v2/NuttX/nuttx/nuttx-export/libs/libnuttx.a(c-lib_crc32.o)
                0x08006844                crc32part
 .text.memchr   0x08006868       0x1c /home/vtol/src/vtol/build_px4fmu-v2_default/px4io-v2/NuttX/nuttx/nuttx-export/libs/libnuttx.a(c-lib_memchr.o)
                0x08006868                memchr
 .text.memcpy   0x08006884       0x16 /home/vtol/src/vtol/build_px4fmu-v2_default/px4io-v2/NuttX/nuttx/nuttx-export/libs/libnuttx.a(c-lib_memcpy.o)
                0x08006884                memcpy
 .text.memmove  0x0800689a       0x30 /home/vtol/src/vtol/build_px4fmu-v2_default/px4io-v2/NuttX/nuttx/nuttx-export/libs/libnuttx.a(c-lib_memmove.o)
                0x0800689a                memmove
 .text.memset   0x080068ca       0x10 /home/vtol/src/vtol/build_px4fmu-v2_default/px4io-v2/NuttX/nuttx/nuttx-export/libs/libnuttx.a(c-lib_memset.o)
                0x080068ca                memset
 .text.printf   0x080068da       0x1c /home/vtol/src/vtol/build_px4fmu-v2_default/px4io-v2/NuttX/nuttx/nuttx-export/libs/libnuttx.a(c-lib_printf.o)
                0x080068da                printf
 .text.isspace  0x080068f6       0x14 /home/vtol/src/vtol/build_px4fmu-v2_default/px4io-v2/NuttX/nuttx/nuttx-export/libs/libnuttx.a(c-lib_sscanf.o)
 *fill*         0x0800690a        0x2 
 .text.findwidth
                0x0800690c       0x34 /home/vtol/src/vtol/build_px4fmu-v2_default/px4io-v2/NuttX/nuttx/nuttx-export/libs/libnuttx.a(c-lib_sscanf.o)
 .text.vsscanf  0x08006940      0x2e0 /home/vtol/src/vtol/build_px4fmu-v2_default/px4io-v2/NuttX/nuttx/nuttx-export/libs/libnuttx.a(c-lib_sscanf.o)
                0x08006940                vsscanf
 .text.sscanf   0x08006c20       0x1a /home/vtol/src/vtol/build_px4fmu-v2_default/px4io-v2/NuttX/nuttx/nuttx-export/libs/libnuttx.a(c-lib_sscanf.o)
                0x08006c20                sscanf
 .text.strchr   0x08006c3a       0x16 /home/vtol/src/vtol/build_px4fmu-v2_default/px4io-v2/NuttX/nuttx/nuttx-export/libs/libnuttx.a(c-lib_strchr.o)
                0x08006c3a                strchr
 .text.strcmp   0x08006c50       0x16 /home/vtol/src/vtol/build_px4fmu-v2_default/px4io-v2/NuttX/nuttx/nuttx-export/libs/libnuttx.a(c-lib_strcmp.o)
                0x08006c50                strcmp
 .text.strcspn  0x08006c66       0x1e /home/vtol/src/vtol/build_px4fmu-v2_default/px4io-v2/NuttX/nuttx/nuttx-export/libs/libnuttx.a(c-lib_strcspn.o)
                0x08006c66                strcspn
 .text.strncpy  0x08006c84       0x22 /home/vtol/src/vtol/build_px4fmu-v2_default/px4io-v2/NuttX/nuttx/nuttx-export/libs/libnuttx.a(c-lib_strncpy.o)
                0x08006c84                strncpy
 .text.strtol   0x08006ca6       0x64 /home/vtol/src/vtol/build_px4fmu-v2_default/px4io-v2/NuttX/nuttx/nuttx-export/libs/libnuttx.a(c-lib_strtol.o)
                0x08006ca6                strtol
 .text.strtoul  0x08006d0a       0x66 /home/vtol/src/vtol/build_px4fmu-v2_default/px4io-v2/NuttX/nuttx/nuttx-export/libs/libnuttx.a(c-lib_strtoul.o)
                0x08006d0a                strtoul
 .text.vsyslog  0x08006d70       0x24 /home/vtol/src/vtol/build_px4fmu-v2_default/px4io-v2/NuttX/nuttx/nuttx-export/libs/libnuttx.a(c-lib_syslog.o)
                0x08006d70                vsyslog
 .text.syslog   0x08006d94       0x1a /home/vtol/src/vtol/build_px4fmu-v2_default/px4io-v2/NuttX/nuttx/nuttx-export/libs/libnuttx.a(c-lib_syslog.o)
                0x08006d94                syslog
 .text.tcgetattr
                0x08006dae        0xa /home/vtol/src/vtol/build_px4fmu-v2_default/px4io-v2/NuttX/nuttx/nuttx-export/libs/libnuttx.a(c-lib_tcgetattr.o)
                0x08006dae                tcgetattr
 .text.tcsetattr
                0x08006db8       0x10 /home/vtol/src/vtol/build_px4fmu-v2_default/px4io-v2/NuttX/nuttx/nuttx-export/libs/libnuttx.a(c-lib_tcsetattr.o)
                0x08006db8                tcsetattr
 .text.vsnprintf
                0x08006dc8       0x20 /home/vtol/src/vtol/build_px4fmu-v2_default/px4io-v2/NuttX/nuttx/nuttx-export/libs/libnuttx.a(c-lib_vsnprintf.o)
                0x08006dc8                vsnprintf
 .text.sq_addafter
                0x08006de8       0x1c /home/vtol/src/vtol/build_px4fmu-v2_default/px4io-v2/NuttX/nuttx/nuttx-export/libs/libnuttx.a(c-sq_addafter.o)
                0x08006de8                sq_addafter
 .text.sq_addfirst
                0x08006e04        0xe /home/vtol/src/vtol/build_px4fmu-v2_default/px4io-v2/NuttX/nuttx/nuttx-export/libs/libnuttx.a(c-sq_addfirst.o)
                0x08006e04                sq_addfirst
 .text.sq_addlast
                0x08006e12       0x14 /home/vtol/src/vtol/build_px4fmu-v2_default/px4io-v2/NuttX/nuttx/nuttx-export/libs/libnuttx.a(c-sq_addlast.o)
                0x08006e12                sq_addlast
 .text.sq_rem   0x08006e26       0x2c /home/vtol/src/vtol/build_px4fmu-v2_default/px4io-v2/NuttX/nuttx/nuttx-export/libs/libnuttx.a(c-sq_rem.o)
                0x08006e26                sq_rem
 *fill*         0x08006e52        0x2 
 .text.free     0x08006e54        0xc /home/vtol/src/vtol/build_px4fmu-v2_default/px4io-v2/NuttX/nuttx/nuttx-export/libs/libnuttx.a(mm-umm_free.o)
                0x08006e54                free
 .text.mallinfo
                0x08006e60       0x24 /home/vtol/src/vtol/build_px4fmu-v2_default/px4io-v2/NuttX/nuttx/nuttx-export/libs/libnuttx.a(mm-umm_mallinfo.o)
                0x08006e60                mallinfo
 .text.malloc   0x08006e84        0xc /home/vtol/src/vtol/build_px4fmu-v2_default/px4io-v2/NuttX/nuttx/nuttx-export/libs/libnuttx.a(mm-umm_malloc.o)
                0x08006e84                malloc
 .text.stm32_dmachandisable
                0x08006e90       0x22 /home/vtol/src/vtol/build_px4fmu-v2_default/px4io-v2/NuttX/nuttx/nuttx-export/libs/libnuttx.a(arch-stm32_dma.o)
 *fill*         0x08006eb2        0x2 
 .text.stm32_dmainterrupt
                0x08006eb4       0x54 /home/vtol/src/vtol/build_px4fmu-v2_default/px4io-v2/NuttX/nuttx/nuttx-export/libs/libnuttx.a(arch-stm32_dma.o)
 .text.up_dmainitialize
                0x08006f08       0x3c /home/vtol/src/vtol/build_px4fmu-v2_default/px4io-v2/NuttX/nuttx/nuttx-export/libs/libnuttx.a(arch-stm32_dma.o)
                0x08006f08                up_dmainitialize
 .text.stm32_dmachannel
                0x08006f44       0x30 /home/vtol/src/vtol/build_px4fmu-v2_default/px4io-v2/NuttX/nuttx/nuttx-export/libs/libnuttx.a(arch-stm32_dma.o)
                0x08006f44                stm32_dmachannel
 .text.stm32_dmafree
                0x08006f74        0x6 /home/vtol/src/vtol/build_px4fmu-v2_default/px4io-v2/NuttX/nuttx/nuttx-export/libs/libnuttx.a(arch-stm32_dma.o)
                0x08006f74                stm32_dmafree
 .text.stm32_dmasetup
                0x08006f7a       0x34 /home/vtol/src/vtol/build_px4fmu-v2_default/px4io-v2/NuttX/nuttx/nuttx-export/libs/libnuttx.a(arch-stm32_dma.o)
                0x08006f7a                stm32_dmasetup
 .text.stm32_dmastart
                0x08006fae       0x28 /home/vtol/src/vtol/build_px4fmu-v2_default/px4io-v2/NuttX/nuttx/nuttx-export/libs/libnuttx.a(arch-stm32_dma.o)
                0x08006fae                stm32_dmastart
 .text.stm32_dmastop
                0x08006fd6        0x4 /home/vtol/src/vtol/build_px4fmu-v2_default/px4io-v2/NuttX/nuttx/nuttx-export/libs/libnuttx.a(arch-stm32_dma.o)
                0x08006fd6                stm32_dmastop
 .text.stm32_dmaresidual
                0x08006fda        0x6 /home/vtol/src/vtol/build_px4fmu-v2_default/px4io-v2/NuttX/nuttx/nuttx-export/libs/libnuttx.a(arch-stm32_dma.o)
                0x08006fda                stm32_dmaresidual
 .text.stm32_gpioinit
                0x08006fe0       0x10 /home/vtol/src/vtol/build_px4fmu-v2_default/px4io-v2/NuttX/nuttx/nuttx-export/libs/libnuttx.a(arch-stm32_gpio.o)
                0x08006fe0                stm32_gpioinit
 .text.stm32_configgpio
                0x08006ff0       0xd0 /home/vtol/src/vtol/build_px4fmu-v2_default/px4io-v2/NuttX/nuttx/nuttx-export/libs/libnuttx.a(arch-stm32_gpio.o)
                0x08006ff0                stm32_configgpio
 .text.stm32_unconfiggpio
                0x080070c0        0xc /home/vtol/src/vtol/build_px4fmu-v2_default/px4io-v2/NuttX/nuttx/nuttx-export/libs/libnuttx.a(arch-stm32_gpio.o)
                0x080070c0                stm32_unconfiggpio
 .text.stm32_gpiowrite
                0x080070cc       0x2c /home/vtol/src/vtol/build_px4fmu-v2_default/px4io-v2/NuttX/nuttx/nuttx-export/libs/libnuttx.a(arch-stm32_gpio.o)
                0x080070cc                stm32_gpiowrite
 .text.stm32_gpioread
                0x080070f8       0x2c /home/vtol/src/vtol/build_px4fmu-v2_default/px4io-v2/NuttX/nuttx/nuttx-export/libs/libnuttx.a(arch-stm32_gpio.o)
                0x080070f8                stm32_gpioread
 .text.stm32_irqinfo
                0x08007124       0x68 /home/vtol/src/vtol/build_px4fmu-v2_default/px4io-v2/NuttX/nuttx/nuttx-export/libs/libnuttx.a(arch-stm32_irq.o)
 .text.up_irqinitialize
                0x0800718c       0x8c /home/vtol/src/vtol/build_px4fmu-v2_default/px4io-v2/NuttX/nuttx/nuttx-export/libs/libnuttx.a(arch-stm32_irq.o)
                0x0800718c                up_irqinitialize
 .text.up_disable_irq
                0x08007218       0x24 /home/vtol/src/vtol/build_px4fmu-v2_default/px4io-v2/NuttX/nuttx/nuttx-export/libs/libnuttx.a(arch-stm32_irq.o)
                0x08007218                up_disable_irq
 .text.up_enable_irq
                0x0800723c       0x22 /home/vtol/src/vtol/build_px4fmu-v2_default/px4io-v2/NuttX/nuttx/nuttx-export/libs/libnuttx.a(arch-stm32_irq.o)
                0x0800723c                up_enable_irq
 .text.up_ack_irq
                0x0800725e        0x2 /home/vtol/src/vtol/build_px4fmu-v2_default/px4io-v2/NuttX/nuttx/nuttx-export/libs/libnuttx.a(arch-stm32_irq.o)
                0x0800725e                up_ack_irq
 .text.up_restoreusartint
                0x08007260       0x26 /home/vtol/src/vtol/build_px4fmu-v2_default/px4io-v2/NuttX/nuttx/nuttx-export/libs/libnuttx.a(arch-stm32_serial.o)
 .text.up_set_format
                0x08007286       0x76 /home/vtol/src/vtol/build_px4fmu-v2_default/px4io-v2/NuttX/nuttx/nuttx-export/libs/libnuttx.a(arch-stm32_serial.o)
 .text.up_receive
                0x080072fc       0x16 /home/vtol/src/vtol/build_px4fmu-v2_default/px4io-v2/NuttX/nuttx/nuttx-export/libs/libnuttx.a(arch-stm32_serial.o)
 .text.up_rxint
                0x08007312       0x2e /home/vtol/src/vtol/build_px4fmu-v2_default/px4io-v2/NuttX/nuttx/nuttx-export/libs/libnuttx.a(arch-stm32_serial.o)
 .text.up_rxavailable
                0x08007340        0xc /home/vtol/src/vtol/build_px4fmu-v2_default/px4io-v2/NuttX/nuttx/nuttx-export/libs/libnuttx.a(arch-stm32_serial.o)
 .text.up_dma_rxint
                0x0800734c        0x8 /home/vtol/src/vtol/build_px4fmu-v2_default/px4io-v2/NuttX/nuttx/nuttx-export/libs/libnuttx.a(arch-stm32_serial.o)
 .text.up_send  0x08007354        0x8 /home/vtol/src/vtol/build_px4fmu-v2_default/px4io-v2/NuttX/nuttx/nuttx-export/libs/libnuttx.a(arch-stm32_serial.o)
 .text.up_txready
                0x0800735c        0xc /home/vtol/src/vtol/build_px4fmu-v2_default/px4io-v2/NuttX/nuttx/nuttx-export/libs/libnuttx.a(arch-stm32_serial.o)
 .text.up_interrupt_common
                0x08007368       0x4e /home/vtol/src/vtol/build_px4fmu-v2_default/px4io-v2/NuttX/nuttx/nuttx-export/libs/libnuttx.a(arch-stm32_serial.o)
 *fill*         0x080073b6        0x2 
 .text.up_interrupt_usart1
                0x080073b8        0xc /home/vtol/src/vtol/build_px4fmu-v2_default/px4io-v2/NuttX/nuttx/nuttx-export/libs/libnuttx.a(arch-stm32_serial.o)
 .text.up_interrupt_usart3
                0x080073c4        0xc /home/vtol/src/vtol/build_px4fmu-v2_default/px4io-v2/NuttX/nuttx/nuttx-export/libs/libnuttx.a(arch-stm32_serial.o)
 .text.up_interrupt_usart2
                0x080073d0        0xc /home/vtol/src/vtol/build_px4fmu-v2_default/px4io-v2/NuttX/nuttx/nuttx-export/libs/libnuttx.a(arch-stm32_serial.o)
 .text.up_txint
                0x080073dc       0x3a /home/vtol/src/vtol/build_px4fmu-v2_default/px4io-v2/NuttX/nuttx/nuttx-export/libs/libnuttx.a(arch-stm32_serial.o)
 .text.up_dma_receive
                0x08007416       0x28 /home/vtol/src/vtol/build_px4fmu-v2_default/px4io-v2/NuttX/nuttx/nuttx-export/libs/libnuttx.a(arch-stm32_serial.o)
 .text.up_ioctl
                0x0800743e       0xd6 /home/vtol/src/vtol/build_px4fmu-v2_default/px4io-v2/NuttX/nuttx/nuttx-export/libs/libnuttx.a(arch-stm32_serial.o)
 .text.up_detach
                0x08007514       0x1a /home/vtol/src/vtol/build_px4fmu-v2_default/px4io-v2/NuttX/nuttx/nuttx-export/libs/libnuttx.a(arch-stm32_serial.o)
 .text.up_attach
                0x0800752e       0x1e /home/vtol/src/vtol/build_px4fmu-v2_default/px4io-v2/NuttX/nuttx/nuttx-export/libs/libnuttx.a(arch-stm32_serial.o)
 .text.up_dma_rxavailable
                0x0800754c       0x18 /home/vtol/src/vtol/build_px4fmu-v2_default/px4io-v2/NuttX/nuttx/nuttx-export/libs/libnuttx.a(arch-stm32_serial.o)
 .text.up_dma_rxcallback
                0x08007564       0x1e /home/vtol/src/vtol/build_px4fmu-v2_default/px4io-v2/NuttX/nuttx/nuttx-export/libs/libnuttx.a(arch-stm32_serial.o)
 *fill*         0x08007582        0x2 
 .text.up_shutdown
                0x08007584       0x70 /home/vtol/src/vtol/build_px4fmu-v2_default/px4io-v2/NuttX/nuttx/nuttx-export/libs/libnuttx.a(arch-stm32_serial.o)
 .text.up_dma_shutdown
                0x080075f4       0x1a /home/vtol/src/vtol/build_px4fmu-v2_default/px4io-v2/NuttX/nuttx/nuttx-export/libs/libnuttx.a(arch-stm32_serial.o)
 *fill*         0x0800760e        0x2 
 .text.up_setup
                0x08007610       0x98 /home/vtol/src/vtol/build_px4fmu-v2_default/px4io-v2/NuttX/nuttx/nuttx-export/libs/libnuttx.a(arch-stm32_serial.o)
 .text.up_dma_setup
                0x080076a8       0x50 /home/vtol/src/vtol/build_px4fmu-v2_default/px4io-v2/NuttX/nuttx/nuttx-export/libs/libnuttx.a(arch-stm32_serial.o)
 .text.up_earlyserialinit
                0x080076f8       0x34 /home/vtol/src/vtol/build_px4fmu-v2_default/px4io-v2/NuttX/nuttx/nuttx-export/libs/libnuttx.a(arch-stm32_serial.o)
                0x080076f8                up_earlyserialinit
 .text.up_serialinit
                0x0800772c       0x60 /home/vtol/src/vtol/build_px4fmu-v2_default/px4io-v2/NuttX/nuttx/nuttx-export/libs/libnuttx.a(arch-stm32_serial.o)
                0x0800772c                up_serialinit
 .text.stm32_serial_dma_poll
                0x0800778c       0x34 /home/vtol/src/vtol/build_px4fmu-v2_default/px4io-v2/NuttX/nuttx/nuttx-export/libs/libnuttx.a(arch-stm32_serial.o)
                0x0800778c                stm32_serial_dma_poll
 .text.up_putc  0x080077c0       0x3c /home/vtol/src/vtol/build_px4fmu-v2_default/px4io-v2/NuttX/nuttx/nuttx-export/libs/libnuttx.a(arch-stm32_serial.o)
                0x080077c0                up_putc
 .text.go_os_start
                0x080077fc       0x24 /home/vtol/src/vtol/build_px4fmu-v2_default/px4io-v2/NuttX/nuttx/nuttx-export/libs/libnuttx.a(arch-stm32_start.o)
 .text.__start  0x08007820       0x58 /home/vtol/src/vtol/build_px4fmu-v2_default/px4io-v2/NuttX/nuttx/nuttx-export/libs/libnuttx.a(arch-stm32_start.o)
                0x08007820                __start
 .text.up_stackdump
                0x08007878       0x4c /home/vtol/src/vtol/build_px4fmu-v2_default/px4io-v2/NuttX/nuttx/nuttx-export/libs/libnuttx.a(arch-up_assert.o)
 .text.up_taskdump
                0x080078c4       0x30 /home/vtol/src/vtol/build_px4fmu-v2_default/px4io-v2/NuttX/nuttx/nuttx-export/libs/libnuttx.a(arch-up_assert.o)
 .text.up_assert
                0x080078f4      0x1f8 /home/vtol/src/vtol/build_px4fmu-v2_default/px4io-v2/NuttX/nuttx/nuttx-export/libs/libnuttx.a(arch-up_assert.o)
                0x080078f4                up_assert
 .text.do_stackcheck.part.0
                0x08007aec       0x2c /home/vtol/src/vtol/build_px4fmu-v2_default/px4io-v2/NuttX/nuttx/nuttx-export/libs/libnuttx.a(arch-up_checkstack.o)
 .text.up_check_tcbstack
                0x08007b18        0xe /home/vtol/src/vtol/build_px4fmu-v2_default/px4io-v2/NuttX/nuttx/nuttx-export/libs/libnuttx.a(arch-up_checkstack.o)
                0x08007b18                up_check_tcbstack
 *fill*         0x08007b26        0x2 
 .text.up_check_intstack
                0x08007b28       0x10 /home/vtol/src/vtol/build_px4fmu-v2_default/px4io-v2/NuttX/nuttx/nuttx-export/libs/libnuttx.a(arch-up_checkstack.o)
                0x08007b28                up_check_intstack
 .text.up_stack_color
                0x08007b38       0x28 /home/vtol/src/vtol/build_px4fmu-v2_default/px4io-v2/NuttX/nuttx/nuttx-export/libs/libnuttx.a(arch-up_createstack.o)
                0x08007b38                up_stack_color
 .text.up_create_stack
                0x08007b60       0x46 /home/vtol/src/vtol/build_px4fmu-v2_default/px4io-v2/NuttX/nuttx/nuttx-export/libs/libnuttx.a(arch-up_createstack.o)
                0x08007b60                up_create_stack
 *fill*         0x08007ba6        0x2 
 .text          0x08007ba8       0x64 /home/vtol/src/vtol/build_px4fmu-v2_default/px4io-v2/NuttX/nuttx/nuttx-export/libs/libnuttx.a(arch-up_exception.o)
                0x08007ba8                exception_common
 .text.up_hardfault
                0x08007c0c       0x34 /home/vtol/src/vtol/build_px4fmu-v2_default/px4io-v2/NuttX/nuttx/nuttx-export/libs/libnuttx.a(arch-up_hardfault.o)
                0x08007c0c                up_hardfault
 .text.modifyreg32
                0x08007c40       0x1e /home/vtol/src/vtol/build_px4fmu-v2_default/px4io-v2/NuttX/nuttx/nuttx-export/libs/libnuttx.a(arch-up_modifyreg32.o)
                0x08007c40                modifyreg32
 .text.up_release_stack
                0x08007c5e       0x16 /home/vtol/src/vtol/build_px4fmu-v2_default/px4io-v2/NuttX/nuttx/nuttx-export/libs/libnuttx.a(arch-up_releasestack.o)
                0x08007c5e                up_release_stack
 .text.up_svcall
                0x08007c74       0x34 /home/vtol/src/vtol/build_px4fmu-v2_default/px4io-v2/NuttX/nuttx/nuttx-export/libs/libnuttx.a(arch-up_svcall.o)
                0x08007c74                up_svcall
 .text.up_systemreset
                0x08007ca8       0x1c /home/vtol/src/vtol/build_px4fmu-v2_default/px4io-v2/NuttX/nuttx/nuttx-export/libs/libnuttx.a(arch-up_systemreset.o)
                0x08007ca8                up_systemreset
 .text.up_udelay
                0x08007cc4       0x72 /home/vtol/src/vtol/build_px4fmu-v2_default/px4io-v2/NuttX/nuttx/nuttx-export/libs/libnuttx.a(arch-up_udelay.o)
                0x08007cc4                up_udelay
 .text.__cxa_atexit
                0x08007d36        0x4 /home/vtol/src/vtol/build_px4fmu-v2_default/px4io-v2/NuttX/nuttx/nuttx-export/libs/libnuttx.a(cxx-libxx_cxa_atexit.o)
                0x08007d36                __cxa_atexit
 *fill*         0x08007d3a        0x2 
 .text.__cxa_pure_virtual
                0x08007d3c       0x10 /home/vtol/src/vtol/build_px4fmu-v2_default/px4io-v2/NuttX/nuttx/nuttx-export/libs/libnuttx.a(cxx-libxx_cxapurevirtual.o)
                0x08007d3c                __cxa_pure_virtual
 .text._ZdaPv   0x08007d4c        0x4 /home/vtol/src/vtol/build_px4fmu-v2_default/px4io-v2/NuttX/nuttx/nuttx-export/libs/libnuttx.a(cxx-libxx_deletea.o)
                0x08007d4c                operator delete[](void*)
 .text._ZdlPv   0x08007d50        0x4 /home/vtol/src/vtol/build_px4fmu-v2_default/px4io-v2/NuttX/nuttx/nuttx-export/libs/libnuttx.a(cxx-libxx_delete.o)
                0x08007d50                operator delete(void*)
 .text.__aeabi_atexit
                0x08007d54        0xa /home/vtol/src/vtol/build_px4fmu-v2_default/px4io-v2/NuttX/nuttx/nuttx-export/libs/libnuttx.a(cxx-libxx_eabi_atexit.o)
                0x08007d54                __aeabi_atexit
 .text._Znaj    0x08007d5e        0xa /home/vtol/src/vtol/build_px4fmu-v2_default/px4io-v2/NuttX/nuttx/nuttx-export/libs/libnuttx.a(cxx-libxx_newa.o)
                0x08007d5e                operator new[](unsigned int)
 .text._Znwj    0x08007d68        0xa /home/vtol/src/vtol/build_px4fmu-v2_default/px4io-v2/NuttX/nuttx/nuttx-export/libs/libnuttx.a(cxx-libxx_new.o)
                0x08007d68                operator new(unsigned int)
 .text.close    0x08007d72       0x24 /home/vtol/src/vtol/build_px4fmu-v2_default/px4io-v2/NuttX/nuttx/nuttx-export/libs/libnuttx.a(fs-fs_close.o)
                0x08007d72                close
 .text._files_close
                0x08007d96       0x2a /home/vtol/src/vtol/build_px4fmu-v2_default/px4io-v2/NuttX/nuttx/nuttx-export/libs/libnuttx.a(fs-fs_files.o)
 .text._files_semtake
                0x08007dc0       0x24 /home/vtol/src/vtol/build_px4fmu-v2_default/px4io-v2/NuttX/nuttx/nuttx-export/libs/libnuttx.a(fs-fs_files.o)
 .text.files_initialize
                0x08007de4        0x2 /home/vtol/src/vtol/build_px4fmu-v2_default/px4io-v2/NuttX/nuttx/nuttx-export/libs/libnuttx.a(fs-fs_files.o)
                0x08007de4                files_initialize
 .text.files_initlist
                0x08007de6        0x8 /home/vtol/src/vtol/build_px4fmu-v2_default/px4io-v2/NuttX/nuttx/nuttx-export/libs/libnuttx.a(fs-fs_files.o)
                0x08007de6                files_initlist
 .text.files_releaselist
                0x08007dee       0x20 /home/vtol/src/vtol/build_px4fmu-v2_default/px4io-v2/NuttX/nuttx/nuttx-export/libs/libnuttx.a(fs-fs_files.o)
                0x08007dee                files_releaselist
 .text.file_dup2
                0x08007e0e       0x86 /home/vtol/src/vtol/build_px4fmu-v2_default/px4io-v2/NuttX/nuttx/nuttx-export/libs/libnuttx.a(fs-fs_files.o)
                0x08007e0e                file_dup2
 .text.files_allocate
                0x08007e94       0x52 /home/vtol/src/vtol/build_px4fmu-v2_default/px4io-v2/NuttX/nuttx/nuttx-export/libs/libnuttx.a(fs-fs_files.o)
                0x08007e94                files_allocate
 .text.files_close
                0x08007ee6       0x32 /home/vtol/src/vtol/build_px4fmu-v2_default/px4io-v2/NuttX/nuttx/nuttx-export/libs/libnuttx.a(fs-fs_files.o)
                0x08007ee6                files_close
 .text.files_release
                0x08007f18       0x2a /home/vtol/src/vtol/build_px4fmu-v2_default/px4io-v2/NuttX/nuttx/nuttx-export/libs/libnuttx.a(fs-fs_files.o)
                0x08007f18                files_release
 .text.inode_addref
                0x08007f42       0x1a /home/vtol/src/vtol/build_px4fmu-v2_default/px4io-v2/NuttX/nuttx/nuttx-export/libs/libnuttx.a(fs-fs_inodeaddref.o)
                0x08007f42                inode_addref
 .text.inode_initialize
                0x08007f5c       0x2c /home/vtol/src/vtol/build_px4fmu-v2_default/px4io-v2/NuttX/nuttx/nuttx-export/libs/libnuttx.a(fs-fs_inode.o)
                0x08007f5c                inode_initialize
 .text.inode_semtake
                0x08007f88       0x48 /home/vtol/src/vtol/build_px4fmu-v2_default/px4io-v2/NuttX/nuttx/nuttx-export/libs/libnuttx.a(fs-fs_inode.o)
                0x08007f88                inode_semtake
 .text.inode_semgive
                0x08007fd0       0x24 /home/vtol/src/vtol/build_px4fmu-v2_default/px4io-v2/NuttX/nuttx/nuttx-export/libs/libnuttx.a(fs-fs_inode.o)
                0x08007fd0                inode_semgive
 .text.inode_free
                0x08007ff4       0x1e /home/vtol/src/vtol/build_px4fmu-v2_default/px4io-v2/NuttX/nuttx/nuttx-export/libs/libnuttx.a(fs-fs_inode.o)
                0x08007ff4                inode_free
 .text.inode_nextname
                0x08008012       0x12 /home/vtol/src/vtol/build_px4fmu-v2_default/px4io-v2/NuttX/nuttx/nuttx-export/libs/libnuttx.a(fs-fs_inode.o)
                0x08008012                inode_nextname
 .text.inode_search
                0x08008024       0x9c /home/vtol/src/vtol/build_px4fmu-v2_default/px4io-v2/NuttX/nuttx/nuttx-export/libs/libnuttx.a(fs-fs_inode.o)
                0x08008024                inode_search
 .text.inode_release
                0x080080c0       0x3a /home/vtol/src/vtol/build_px4fmu-v2_default/px4io-v2/NuttX/nuttx/nuttx-export/libs/libnuttx.a(fs-fs_inoderelease.o)
                0x080080c0                inode_release
 .text.file_ioctl
                0x080080fa       0x2a /home/vtol/src/vtol/build_px4fmu-v2_default/px4io-v2/NuttX/nuttx/nuttx-export/libs/libnuttx.a(fs-fs_ioctl.o)
                0x080080fa                file_ioctl
 .text.ioctl    0x08008124       0x2c /home/vtol/src/vtol/build_px4fmu-v2_default/px4io-v2/NuttX/nuttx/nuttx-export/libs/libnuttx.a(fs-fs_ioctl.o)
                0x08008124                ioctl
 .text.inode_checkflags
                0x08008150       0x28 /home/vtol/src/vtol/build_px4fmu-v2_default/px4io-v2/NuttX/nuttx/nuttx-export/libs/libnuttx.a(fs-fs_open.o)
                0x08008150                inode_checkflags
 .text.open     0x08008178       0x80 /home/vtol/src/vtol/build_px4fmu-v2_default/px4io-v2/NuttX/nuttx/nuttx-export/libs/libnuttx.a(fs-fs_open.o)
                0x08008178                open
 .text.file_read
                0x080081f8       0x38 /home/vtol/src/vtol/build_px4fmu-v2_default/px4io-v2/NuttX/nuttx/nuttx-export/libs/libnuttx.a(fs-fs_read.o)
                0x080081f8                file_read
 .text.read     0x08008230       0x2c /home/vtol/src/vtol/build_px4fmu-v2_default/px4io-v2/NuttX/nuttx/nuttx-export/libs/libnuttx.a(fs-fs_read.o)
                0x08008230                read
 .text.file_write
                0x0800825c       0x2c /home/vtol/src/vtol/build_px4fmu-v2_default/px4io-v2/NuttX/nuttx/nuttx-export/libs/libnuttx.a(fs-fs_write.o)
                0x0800825c                file_write
 .text.write    0x08008288       0x2c /home/vtol/src/vtol/build_px4fmu-v2_default/px4io-v2/NuttX/nuttx/nuttx-export/libs/libnuttx.a(fs-fs_write.o)
                0x08008288                write
 .text.get_errno_ptr
                0x080082b4       0x24 /home/vtol/src/vtol/build_px4fmu-v2_default/px4io-v2/NuttX/nuttx/nuttx-export/libs/libnuttx.a(sched-errno_getptr.o)
                0x080082b4                get_errno_ptr
 .text.exit     0x080082d8       0x1c /home/vtol/src/vtol/build_px4fmu-v2_default/px4io-v2/NuttX/nuttx/nuttx-export/libs/libnuttx.a(sched-exit.o)
                0x080082d8                exit
 .text.os_start
                0x080082f4      0x15c /home/vtol/src/vtol/build_px4fmu-v2_default/px4io-v2/NuttX/nuttx/nuttx-export/libs/libnuttx.a(sched-os_start.o)
                0x080082f4                os_start
 .text.sched_foreach
                0x08008450       0x38 /home/vtol/src/vtol/build_px4fmu-v2_default/px4io-v2/NuttX/nuttx/nuttx-export/libs/libnuttx.a(sched-sched_foreach.o)
                0x08008450                sched_foreach
 .text.sched_ufree
                0x08008488       0x40 /home/vtol/src/vtol/build_px4fmu-v2_default/px4io-v2/NuttX/nuttx/nuttx-export/libs/libnuttx.a(sched-sched_free.o)
                0x08008488                sched_ufree
 .text.sched_garbage_collection
                0x080084c8       0x30 /home/vtol/src/vtol/build_px4fmu-v2_default/px4io-v2/NuttX/nuttx/nuttx-export/libs/libnuttx.a(sched-sched_garbage.o)
                0x080084c8                sched_garbage_collection
 .text.sched_have_garbage
                0x080084f8       0x10 /home/vtol/src/vtol/build_px4fmu-v2_default/px4io-v2/NuttX/nuttx/nuttx-export/libs/libnuttx.a(sched-sched_garbage.o)
                0x080084f8                sched_have_garbage
 .text.sched_getfiles
                0x08008508       0x10 /home/vtol/src/vtol/build_px4fmu-v2_default/px4io-v2/NuttX/nuttx/nuttx-export/libs/libnuttx.a(sched-sched_getfiles.o)
                0x08008508                sched_getfiles
 .text.sem_destroy
                0x08008518       0x22 /home/vtol/src/vtol/build_px4fmu-v2_default/px4io-v2/NuttX/nuttx/nuttx-export/libs/libnuttx.a(sched-sem_destroy.o)
                0x08008518                sem_destroy
 *fill*         0x0800853a        0x2 
 .text.sem_post
                0x0800853c       0x68 /home/vtol/src/vtol/build_px4fmu-v2_default/px4io-v2/NuttX/nuttx/nuttx-export/libs/libnuttx.a(sched-sem_post.o)
                0x0800853c                sem_post
 .text.sem_wait
                0x080085a4       0x8c /home/vtol/src/vtol/build_px4fmu-v2_default/px4io-v2/NuttX/nuttx/nuttx-export/libs/libnuttx.a(sched-sem_wait.o)
                0x080085a4                sem_wait
 .text.task_exithook
                0x08008630       0x1e /home/vtol/src/vtol/build_px4fmu-v2_default/px4io-v2/NuttX/nuttx/nuttx-export/libs/libnuttx.a(sched-task_exithook.o)
                0x08008630                task_exithook
 *fill*         0x0800864e        0x2 
 .text.getpid   0x08008650       0x10 /home/vtol/src/vtol/build_px4fmu-v2_default/px4io-v2/NuttX/nuttx/nuttx-export/libs/libnuttx.a(sched-task_getpid.o)
                0x08008650                getpid
 .text.task_recover
                0x08008660       0x12 /home/vtol/src/vtol/build_px4fmu-v2_default/px4io-v2/NuttX/nuttx/nuttx-export/libs/libnuttx.a(sched-task_recover.o)
                0x08008660                task_recover
 .text.wd_recover
                0x08008672       0x28 /home/vtol/src/vtol/build_px4fmu-v2_default/px4io-v2/NuttX/nuttx/nuttx-export/libs/libnuttx.a(sched-wd_recover.o)
                0x08008672                wd_recover
 .text.uart_xmitchars
                0x0800869a       0x70 /home/vtol/src/vtol/build_px4fmu-v2_default/px4io-v2/NuttX/nuttx/nuttx-export/libs/libnuttx.a(drivers-serial_io.o)
                0x0800869a                uart_xmitchars
 .text.uart_recvchars
                0x0800870a       0x66 /home/vtol/src/vtol/build_px4fmu-v2_default/px4io-v2/NuttX/nuttx/nuttx-export/libs/libnuttx.a(drivers-serial_io.o)
                0x0800870a                uart_recvchars
 .text.uart_ioctl
                0x08008770      0x102 /home/vtol/src/vtol/build_px4fmu-v2_default/px4io-v2/NuttX/nuttx/nuttx-export/libs/libnuttx.a(drivers-serial.o)
 *fill*         0x08008872        0x2 
 .text.uart_takesem
                0x08008874       0x30 /home/vtol/src/vtol/build_px4fmu-v2_default/px4io-v2/NuttX/nuttx/nuttx-export/libs/libnuttx.a(drivers-serial.o)
 .text.uart_putxmitchar
                0x080088a4       0x98 /home/vtol/src/vtol/build_px4fmu-v2_default/px4io-v2/NuttX/nuttx/nuttx-export/libs/libnuttx.a(drivers-serial.o)
 .text.uart_write
                0x0800893c      0x102 /home/vtol/src/vtol/build_px4fmu-v2_default/px4io-v2/NuttX/nuttx/nuttx-export/libs/libnuttx.a(drivers-serial.o)
 .text.uart_read
                0x08008a3e       0xea /home/vtol/src/vtol/build_px4fmu-v2_default/px4io-v2/NuttX/nuttx/nuttx-export/libs/libnuttx.a(drivers-serial.o)
 .text.uart_open
                0x08008b28       0x90 /home/vtol/src/vtol/build_px4fmu-v2_default/px4io-v2/NuttX/nuttx/nuttx-export/libs/libnuttx.a(drivers-serial.o)
 .text.uart_close
                0x08008bb8       0xaa /home/vtol/src/vtol/build_px4fmu-v2_default/px4io-v2/NuttX/nuttx/nuttx-export/libs/libnuttx.a(drivers-serial.o)
 *fill*         0x08008c62        0x2 
 .text.uart_register
                0x08008c64       0x70 /home/vtol/src/vtol/build_px4fmu-v2_default/px4io-v2/NuttX/nuttx/nuttx-export/libs/libnuttx.a(drivers-serial.o)
                0x08008c64                uart_register
 .text.uart_datareceived
                0x08008cd4       0x10 /home/vtol/src/vtol/build_px4fmu-v2_default/px4io-v2/NuttX/nuttx/nuttx-export/libs/libnuttx.a(drivers-serial.o)
                0x08008cd4                uart_datareceived
 .text.uart_datasent
                0x08008ce4       0x10 /home/vtol/src/vtol/build_px4fmu-v2_default/px4io-v2/NuttX/nuttx/nuttx-export/libs/libnuttx.a(drivers-serial.o)
                0x08008ce4                uart_datasent
 .text.syslog_initialize
                0x08008cf4        0xc /home/vtol/src/vtol/build_px4fmu-v2_default/px4io-v2/NuttX/nuttx/nuttx-export/libs/libnuttx.a(drivers-syslog_initialize.o)
                0x08008cf4                syslog_initialize
 .text._vsyslog
                0x08008d00       0x24 /home/vtol/src/vtol/build_px4fmu-v2_default/px4io-v2/NuttX/nuttx/nuttx-export/libs/libnuttx.a(drivers-vsyslog.o)
                0x08008d00                _vsyslog
 .text.dq_addfirst
                0x08008d24       0x18 /home/vtol/src/vtol/build_px4fmu-v2_default/px4io-v2/NuttX/nuttx/nuttx-export/libs/libnuttx.a(c-dq_addfirst.o)
                0x08008d24                dq_addfirst
 .text.cfgetspeed
                0x08008d3c        0x4 /home/vtol/src/vtol/build_px4fmu-v2_default/px4io-v2/NuttX/nuttx/nuttx-export/libs/libnuttx.a(c-lib_cfgetspeed.o)
                0x08008d3c                cfgetspeed
 .text.lib_checkbase
                0x08008d40       0x5e /home/vtol/src/vtol/build_px4fmu-v2_default/px4io-v2/NuttX/nuttx/nuttx-export/libs/libnuttx.a(c-lib_checkbase.o)
                0x08008d40                lib_checkbase
 .text.lib_isbasedigit
                0x08008d9e       0x4e /home/vtol/src/vtol/build_px4fmu-v2_default/px4io-v2/NuttX/nuttx/nuttx-export/libs/libnuttx.a(c-lib_isbasedigit.o)
                0x08008d9e                lib_isbasedigit
 .text.utodec   0x08008dec       0x24 /home/vtol/src/vtol/build_px4fmu-v2_default/px4io-v2/NuttX/nuttx/nuttx-export/libs/libnuttx.a(c-lib_libvsprintf.o)
 .text.utooct   0x08008e10       0x1e /home/vtol/src/vtol/build_px4fmu-v2_default/px4io-v2/NuttX/nuttx/nuttx-export/libs/libnuttx.a(c-lib_libvsprintf.o)
 .text.utobin   0x08008e2e       0x1e /home/vtol/src/vtol/build_px4fmu-v2_default/px4io-v2/NuttX/nuttx/nuttx-export/libs/libnuttx.a(c-lib_libvsprintf.o)
 .text.prejustify
                0x08008e4c       0x8c /home/vtol/src/vtol/build_px4fmu-v2_default/px4io-v2/NuttX/nuttx/nuttx-export/libs/libnuttx.a(c-lib_libvsprintf.o)
 .text.utohex   0x08008ed8       0x4a /home/vtol/src/vtol/build_px4fmu-v2_default/px4io-v2/NuttX/nuttx/nuttx-export/libs/libnuttx.a(c-lib_libvsprintf.o)
 .text.utoascii
                0x08008f22       0x8c /home/vtol/src/vtol/build_px4fmu-v2_default/px4io-v2/NuttX/nuttx/nuttx-export/libs/libnuttx.a(c-lib_libvsprintf.o)
 *fill*         0x08008fae        0x2 
 .text.lib_vsprintf
                0x08008fb0      0x23c /home/vtol/src/vtol/build_px4fmu-v2_default/px4io-v2/NuttX/nuttx/nuttx-export/libs/libnuttx.a(c-lib_libvsprintf.o)
                0x08008fb0                lib_vsprintf
 .text.memoutstream_putc
                0x080091ec       0x1a /home/vtol/src/vtol/build_px4fmu-v2_default/px4io-v2/NuttX/nuttx/nuttx-export/libs/libnuttx.a(c-lib_memoutstream.o)
 *fill*         0x08009206        0x2 
 .text.lib_memoutstream
                0x08009208       0x18 /home/vtol/src/vtol/build_px4fmu-v2_default/px4io-v2/NuttX/nuttx/nuttx-export/libs/libnuttx.a(c-lib_memoutstream.o)
                0x08009208                lib_memoutstream
 .text.nulloutstream_putc
                0x08009220        0x8 /home/vtol/src/vtol/build_px4fmu-v2_default/px4io-v2/NuttX/nuttx/nuttx-export/libs/libnuttx.a(c-lib_nulloutstream.o)
 .text.lib_nulloutstream
                0x08009228       0x10 /home/vtol/src/vtol/build_px4fmu-v2_default/px4io-v2/NuttX/nuttx/nuttx-export/libs/libnuttx.a(c-lib_nulloutstream.o)
                0x08009228                lib_nulloutstream
 .text.lib_skipspace
                0x08009238       0x16 /home/vtol/src/vtol/build_px4fmu-v2_default/px4io-v2/NuttX/nuttx/nuttx-export/libs/libnuttx.a(c-lib_skipspace.o)
                0x08009238                lib_skipspace
 .text.strcpy   0x0800924e       0x10 /home/vtol/src/vtol/build_px4fmu-v2_default/px4io-v2/NuttX/nuttx/nuttx-export/libs/libnuttx.a(c-lib_strcpy.o)
                0x0800924e                strcpy
 .text.strlen   0x0800925e       0x10 /home/vtol/src/vtol/build_px4fmu-v2_default/px4io-v2/NuttX/nuttx/nuttx-export/libs/libnuttx.a(c-lib_strlen.o)
                0x0800925e                strlen
 .text.sem_init
                0x0800926e       0x20 /home/vtol/src/vtol/build_px4fmu-v2_default/px4io-v2/NuttX/nuttx/nuttx-export/libs/libnuttx.a(c-sem_init.o)
                0x0800926e                sem_init
 .text.sem_setprotocol
                0x0800928e       0x22 /home/vtol/src/vtol/build_px4fmu-v2_default/px4io-v2/NuttX/nuttx/nuttx-export/libs/libnuttx.a(c-sem_setprotocol.o)
                0x0800928e                sem_setprotocol
 .text.sq_remafter
                0x080092b0       0x22 /home/vtol/src/vtol/build_px4fmu-v2_default/px4io-v2/NuttX/nuttx/nuttx-export/libs/libnuttx.a(c-sq_remafter.o)
                0x080092b0                sq_remafter
 .text.sq_remfirst
                0x080092d2       0x14 /home/vtol/src/vtol/build_px4fmu-v2_default/px4io-v2/NuttX/nuttx/nuttx-export/libs/libnuttx.a(c-sq_remfirst.o)
                0x080092d2                sq_remfirst
 .text.mm_free  0x080092e6       0xa4 /home/vtol/src/vtol/build_px4fmu-v2_default/px4io-v2/NuttX/nuttx/nuttx-export/libs/libnuttx.a(mm-mm_free.o)
                0x080092e6                mm_free
 .text.mm_mallinfo
                0x0800938a       0x56 /home/vtol/src/vtol/build_px4fmu-v2_default/px4io-v2/NuttX/nuttx/nuttx-export/libs/libnuttx.a(mm-mm_mallinfo.o)
                0x0800938a                mm_mallinfo
 .text.mm_malloc
                0x080093e0       0x92 /home/vtol/src/vtol/build_px4fmu-v2_default/px4io-v2/NuttX/nuttx/nuttx-export/libs/libnuttx.a(mm-mm_malloc.o)
                0x080093e0                mm_malloc
 .text.mm_seminitialize
                0x08009472       0x18 /home/vtol/src/vtol/build_px4fmu-v2_default/px4io-v2/NuttX/nuttx/nuttx-export/libs/libnuttx.a(mm-mm_sem.o)
                0x08009472                mm_seminitialize
 .text.mm_trysemaphore
                0x0800948a       0x32 /home/vtol/src/vtol/build_px4fmu-v2_default/px4io-v2/NuttX/nuttx/nuttx-export/libs/libnuttx.a(mm-mm_sem.o)
                0x0800948a                mm_trysemaphore
 .text.mm_takesemaphore
                0x080094bc       0x40 /home/vtol/src/vtol/build_px4fmu-v2_default/px4io-v2/NuttX/nuttx/nuttx-export/libs/libnuttx.a(mm-mm_sem.o)
                0x080094bc                mm_takesemaphore
 .text.mm_givesemaphore
                0x080094fc       0x2c /home/vtol/src/vtol/build_px4fmu-v2_default/px4io-v2/NuttX/nuttx/nuttx-export/libs/libnuttx.a(mm-mm_sem.o)
                0x080094fc                mm_givesemaphore
 .text.mm_size2ndx
                0x08009528       0x1a /home/vtol/src/vtol/build_px4fmu-v2_default/px4io-v2/NuttX/nuttx/nuttx-export/libs/libnuttx.a(mm-mm_size2ndx.o)
                0x08009528                mm_size2ndx
 .text.mm_zalloc
                0x08009542       0x18 /home/vtol/src/vtol/build_px4fmu-v2_default/px4io-v2/NuttX/nuttx/nuttx-export/libs/libnuttx.a(mm-mm_zalloc.o)
                0x08009542                mm_zalloc
 *fill*         0x0800955a        0x2 
 .text.umm_initialize
                0x0800955c       0x10 /home/vtol/src/vtol/build_px4fmu-v2_default/px4io-v2/NuttX/nuttx/nuttx-export/libs/libnuttx.a(mm-umm_initialize.o)
                0x0800955c                umm_initialize
 .text.umm_trysemaphore
                0x0800956c        0xc /home/vtol/src/vtol/build_px4fmu-v2_default/px4io-v2/NuttX/nuttx/nuttx-export/libs/libnuttx.a(mm-umm_sem.o)
                0x0800956c                umm_trysemaphore
 .text.umm_givesemaphore
                0x08009578        0xc /home/vtol/src/vtol/build_px4fmu-v2_default/px4io-v2/NuttX/nuttx/nuttx-export/libs/libnuttx.a(mm-umm_sem.o)
                0x08009578                umm_givesemaphore
 .text.up_allocate_heap
                0x08009584       0x14 /home/vtol/src/vtol/build_px4fmu-v2_default/px4io-v2/NuttX/nuttx/nuttx-export/libs/libnuttx.a(arch-stm32_allocateheap.o)
                0x08009584                up_allocate_heap
 .text.up_idle  0x08009598        0x2 /home/vtol/src/vtol/build_px4fmu-v2_default/px4io-v2/NuttX/nuttx/nuttx-export/libs/libnuttx.a(arch-stm32_idle.o)
                0x08009598                up_idle
 *fill*         0x0800959a        0x2 
 .text.up_lowputc
                0x0800959c       0x18 /home/vtol/src/vtol/build_px4fmu-v2_default/px4io-v2/NuttX/nuttx/nuttx-export/libs/libnuttx.a(arch-stm32_lowputc.o)
                0x0800959c                up_lowputc
 .text.stm32_lowsetup
                0x080095b4       0x6c /home/vtol/src/vtol/build_px4fmu-v2_default/px4io-v2/NuttX/nuttx/nuttx-export/libs/libnuttx.a(arch-stm32_lowputc.o)
                0x080095b4                stm32_lowsetup
 .text.stm32_clockconfig
                0x08009620       0xe8 /home/vtol/src/vtol/build_px4fmu-v2_default/px4io-v2/NuttX/nuttx/nuttx-export/libs/libnuttx.a(arch-stm32_rcc.o)
                0x08009620                stm32_clockconfig
 .text.up_block_task
                0x08009708       0x74 /home/vtol/src/vtol/build_px4fmu-v2_default/px4io-v2/NuttX/nuttx/nuttx-export/libs/libnuttx.a(arch-up_blocktask.o)
                0x08009708                up_block_task
 .text.up_copyfullstate
                0x0800977c       0x18 /home/vtol/src/vtol/build_px4fmu-v2_default/px4io-v2/NuttX/nuttx/nuttx-export/libs/libnuttx.a(arch-up_copyfullstate.o)
                0x0800977c                up_copyfullstate
 .text.up_doirq
                0x08009794       0x24 /home/vtol/src/vtol/build_px4fmu-v2_default/px4io-v2/NuttX/nuttx/nuttx-export/libs/libnuttx.a(arch-up_doirq.o)
                0x08009794                up_doirq
 .text._exit    0x080097b8       0x20 /home/vtol/src/vtol/build_px4fmu-v2_default/px4io-v2/NuttX/nuttx/nuttx-export/libs/libnuttx.a(arch-up_exit.o)
                0x080097b8                _exit
 .text          0x080097d8        0xa /home/vtol/src/vtol/build_px4fmu-v2_default/px4io-v2/NuttX/nuttx/nuttx-export/libs/libnuttx.a(arch-up_fullcontextrestore.o)
                0x080097d8                up_fullcontextrestore
 *fill*         0x080097e2        0x2 
 .text.up_initialize
                0x080097e4       0x44 /home/vtol/src/vtol/build_px4fmu-v2_default/px4io-v2/NuttX/nuttx/nuttx-export/libs/libnuttx.a(arch-up_initialize.o)
                0x080097e4                up_initialize
 .text.up_initial_state
                0x08009828       0x2e /home/vtol/src/vtol/build_px4fmu-v2_default/px4io-v2/NuttX/nuttx/nuttx-export/libs/libnuttx.a(arch-up_initialstate.o)
                0x08009828                up_initial_state
 *fill*         0x08009856        0x2 
 .text.up_interrupt_context
                0x08009858       0x10 /home/vtol/src/vtol/build_px4fmu-v2_default/px4io-v2/NuttX/nuttx/nuttx-export/libs/libnuttx.a(arch-up_interruptcontext.o)
                0x08009858                up_interrupt_context
 .text.up_mdelay
                0x08009868       0x2a /home/vtol/src/vtol/build_px4fmu-v2_default/px4io-v2/NuttX/nuttx/nuttx-export/libs/libnuttx.a(arch-up_mdelay.o)
                0x08009868                up_mdelay
 .text          0x08009892        0xc /home/vtol/src/vtol/build_px4fmu-v2_default/px4io-v2/NuttX/nuttx/nuttx-export/libs/libnuttx.a(arch-up_switchcontext.o)
                0x08009892                up_switchcontext
 *fill*         0x0800989e        0x2 
 .text.up_unblock_task
                0x080098a0       0x54 /home/vtol/src/vtol/build_px4fmu-v2_default/px4io-v2/NuttX/nuttx/nuttx-export/libs/libnuttx.a(arch-up_unblocktask.o)
                0x080098a0                up_unblock_task
 .text.fs_getfilep
                0x080098f4       0x26 /home/vtol/src/vtol/build_px4fmu-v2_default/px4io-v2/NuttX/nuttx/nuttx-export/libs/libnuttx.a(fs-fs_getfilep.o)
                0x080098f4                fs_getfilep
 .text.fs_initialize
                0x0800991a        0x4 /home/vtol/src/vtol/build_px4fmu-v2_default/px4io-v2/NuttX/nuttx/nuttx-export/libs/libnuttx.a(fs-fs_initialize.o)
                0x0800991a                fs_initialize
 .text.inode_find
                0x0800991e       0x36 /home/vtol/src/vtol/build_px4fmu-v2_default/px4io-v2/NuttX/nuttx/nuttx-export/libs/libnuttx.a(fs-fs_inodefind.o)
                0x0800991e                inode_find
 .text.register_driver
                0x08009954       0x32 /home/vtol/src/vtol/build_px4fmu-v2_default/px4io-v2/NuttX/nuttx/nuttx-export/libs/libnuttx.a(fs-fs_registerdriver.o)
                0x08009954                register_driver
 .text.group_allocate
                0x08009986       0x18 /home/vtol/src/vtol/build_px4fmu-v2_default/px4io-v2/NuttX/nuttx/nuttx-export/libs/libnuttx.a(sched-group_create.o)
                0x08009986                group_allocate
 .text.group_initialize
                0x0800999e        0xa /home/vtol/src/vtol/build_px4fmu-v2_default/px4io-v2/NuttX/nuttx/nuttx-export/libs/libnuttx.a(sched-group_create.o)
                0x0800999e                group_initialize
 .text.group_leave
                0x080099a8       0x26 /home/vtol/src/vtol/build_px4fmu-v2_default/px4io-v2/NuttX/nuttx/nuttx-export/libs/libnuttx.a(sched-group_leave.o)
                0x080099a8                group_leave
 *fill*         0x080099ce        0x2 
 .text.group_setupidlefiles
                0x080099d0       0x38 /home/vtol/src/vtol/build_px4fmu-v2_default/px4io-v2/NuttX/nuttx/nuttx-export/libs/libnuttx.a(sched-group_setupidlefiles.o)
                0x080099d0                group_setupidlefiles
 .text.irq_dispatch
                0x08009a08       0x20 /home/vtol/src/vtol/build_px4fmu-v2_default/px4io-v2/NuttX/nuttx/nuttx-export/libs/libnuttx.a(sched-irq_dispatch.o)
                0x08009a08                irq_dispatch
 .text.os_bringup
                0x08009a28       0x34 /home/vtol/src/vtol/build_px4fmu-v2_default/px4io-v2/NuttX/nuttx/nuttx-export/libs/libnuttx.a(sched-os_bringup.o)
                0x08009a28                os_bringup
 .text.sched_addblocked
                0x08009a5c       0x28 /home/vtol/src/vtol/build_px4fmu-v2_default/px4io-v2/NuttX/nuttx/nuttx-export/libs/libnuttx.a(sched-sched_addblocked.o)
                0x08009a5c                sched_addblocked
 .text.sched_addprioritized
                0x08009a84       0x58 /home/vtol/src/vtol/build_px4fmu-v2_default/px4io-v2/NuttX/nuttx/nuttx-export/libs/libnuttx.a(sched-sched_addprioritized.o)
                0x08009a84                sched_addprioritized
 .text.sched_addreadytorun
                0x08009adc       0x4c /home/vtol/src/vtol/build_px4fmu-v2_default/px4io-v2/NuttX/nuttx/nuttx-export/libs/libnuttx.a(sched-sched_addreadytorun.o)
                0x08009adc                sched_addreadytorun
 .text.sched_mergepending
                0x08009b28       0x68 /home/vtol/src/vtol/build_px4fmu-v2_default/px4io-v2/NuttX/nuttx/nuttx-export/libs/libnuttx.a(sched-sched_mergepending.o)
                0x08009b28                sched_mergepending
 .text.sched_removeblocked
                0x08009b90       0x1c /home/vtol/src/vtol/build_px4fmu-v2_default/px4io-v2/NuttX/nuttx/nuttx-export/libs/libnuttx.a(sched-sched_removeblocked.o)
                0x08009b90                sched_removeblocked
 .text.sched_removereadytorun
                0x08009bac       0x28 /home/vtol/src/vtol/build_px4fmu-v2_default/px4io-v2/NuttX/nuttx/nuttx-export/libs/libnuttx.a(sched-sched_removereadytorun.o)
                0x08009bac                sched_removereadytorun
 .text.sem_recover
                0x08009bd4       0x26 /home/vtol/src/vtol/build_px4fmu-v2_default/px4io-v2/NuttX/nuttx/nuttx-export/libs/libnuttx.a(sched-sem_recover.o)
                0x08009bd4                sem_recover
 .text.sem_reset
                0x08009bfa       0x42 /home/vtol/src/vtol/build_px4fmu-v2_default/px4io-v2/NuttX/nuttx/nuttx-export/libs/libnuttx.a(sched-sem_reset.o)
                0x08009bfa                sem_reset
 .text.sem_trywait
                0x08009c3c       0x50 /home/vtol/src/vtol/build_px4fmu-v2_default/px4io-v2/NuttX/nuttx/nuttx-export/libs/libnuttx.a(sched-sem_trywait.o)
                0x08009c3c                sem_trywait
 .text.thread_create
                0x08009c8c       0xac /home/vtol/src/vtol/build_px4fmu-v2_default/px4io-v2/NuttX/nuttx/nuttx-export/libs/libnuttx.a(sched-task_create.o)
 .text.task_create
                0x08009d38       0x16 /home/vtol/src/vtol/build_px4fmu-v2_default/px4io-v2/NuttX/nuttx/nuttx-export/libs/libnuttx.a(sched-task_create.o)
                0x08009d38                task_create
 *fill*         0x08009d4e        0x2 
 .text.task_exit
                0x08009d50       0x4c /home/vtol/src/vtol/build_px4fmu-v2_default/px4io-v2/NuttX/nuttx/nuttx-export/libs/libnuttx.a(sched-task_exit.o)
                0x08009d50                task_exit
 .text.task_schedsetup
                0x08009d9c       0xa8 /home/vtol/src/vtol/build_px4fmu-v2_default/px4io-v2/NuttX/nuttx/nuttx-export/libs/libnuttx.a(sched-task_setup.o)
                0x08009d9c                task_schedsetup
 .text.task_argsetup
                0x08009e44       0xd0 /home/vtol/src/vtol/build_px4fmu-v2_default/px4io-v2/NuttX/nuttx/nuttx-export/libs/libnuttx.a(sched-task_setup.o)
                0x08009e44                task_argsetup
 .text.task_start
                0x08009f14       0x2c /home/vtol/src/vtol/build_px4fmu-v2_default/px4io-v2/NuttX/nuttx/nuttx-export/libs/libnuttx.a(sched-task_start.o)
                0x08009f14                task_start
 .text.task_terminate
                0x08009f40       0x54 /home/vtol/src/vtol/build_px4fmu-v2_default/px4io-v2/NuttX/nuttx/nuttx-export/libs/libnuttx.a(sched-task_terminate.o)
                0x08009f40                task_terminate
 .text.wd_cancel
                0x08009f94       0x70 /home/vtol/src/vtol/build_px4fmu-v2_default/px4io-v2/NuttX/nuttx/nuttx-export/libs/libnuttx.a(sched-wd_cancel.o)
                0x08009f94                wd_cancel
 .text.wd_delete
                0x0800a004       0x54 /home/vtol/src/vtol/build_px4fmu-v2_default/px4io-v2/NuttX/nuttx/nuttx-export/libs/libnuttx.a(sched-wd_delete.o)
                0x0800a004                wd_delete
 .text.wd_initialize
                0x0800a058       0x3c /home/vtol/src/vtol/build_px4fmu-v2_default/px4io-v2/NuttX/nuttx/nuttx-export/libs/libnuttx.a(sched-wd_initialize.o)
                0x0800a058                wd_initialize
 .text.syslog_console_channel
                0x0800a094       0x28 /home/vtol/src/vtol/build_px4fmu-v2_default/px4io-v2/NuttX/nuttx/nuttx-export/libs/libnuttx.a(drivers-syslog_consolechannel.o)
                0x0800a094                syslog_console_channel
 .text.syslog_dev_initialize
                0x0800a0bc       0x7c /home/vtol/src/vtol/build_px4fmu-v2_default/px4io-v2/NuttX/nuttx/nuttx-export/libs/libnuttx.a(drivers-syslog_device.o)
                0x0800a0bc                syslog_dev_initialize
 .text.syslog_dev_putc
                0x0800a138       0xd8 /home/vtol/src/vtol/build_px4fmu-v2_default/px4io-v2/NuttX/nuttx/nuttx-export/libs/libnuttx.a(drivers-syslog_device.o)
                0x0800a138                syslog_dev_putc
 .text.syslog_dev_flush
                0x0800a210        0x4 /home/vtol/src/vtol/build_px4fmu-v2_default/px4io-v2/NuttX/nuttx/nuttx-export/libs/libnuttx.a(drivers-syslog_device.o)
                0x0800a210                syslog_dev_flush
 .text.emergstream_putc
                0x0800a214       0x24 /home/vtol/src/vtol/build_px4fmu-v2_default/px4io-v2/NuttX/nuttx/nuttx-export/libs/libnuttx.a(drivers-syslog_emergstream.o)
 .text.emergstream
                0x0800a238       0x10 /home/vtol/src/vtol/build_px4fmu-v2_default/px4io-v2/NuttX/nuttx/nuttx-export/libs/libnuttx.a(drivers-syslog_emergstream.o)
                0x0800a238                emergstream
 .text.syslog_force
                0x0800a248        0xc /home/vtol/src/vtol/build_px4fmu-v2_default/px4io-v2/NuttX/nuttx/nuttx-export/libs/libnuttx.a(drivers-syslog_force.o)
                0x0800a248                syslog_force
 .text.syslogstream_putc
                0x0800a254       0x24 /home/vtol/src/vtol/build_px4fmu-v2_default/px4io-v2/NuttX/nuttx/nuttx-export/libs/libnuttx.a(drivers-syslog_stream.o)
 .text.syslogstream
                0x0800a278       0x10 /home/vtol/src/vtol/build_px4fmu-v2_default/px4io-v2/NuttX/nuttx/nuttx-export/libs/libnuttx.a(drivers-syslog_stream.o)
                0x0800a278                syslogstream
 .text.dq_addlast
                0x0800a288       0x18 /home/vtol/src/vtol/build_px4fmu-v2_default/px4io-v2/NuttX/nuttx/nuttx-export/libs/libnuttx.a(c-dq_addlast.o)
                0x0800a288                dq_addlast
 .text.dq_rem   0x0800a2a0       0x1c /home/vtol/src/vtol/build_px4fmu-v2_default/px4io-v2/NuttX/nuttx/nuttx-export/libs/libnuttx.a(c-dq_rem.o)
                0x0800a2a0                dq_rem
 .text.strdup   0x0800a2bc       0x1c /home/vtol/src/vtol/build_px4fmu-v2_default/px4io-v2/NuttX/nuttx/nuttx-export/libs/libnuttx.a(c-lib_strdup.o)
                0x0800a2bc                strdup
 .text.mm_addfreechunk
                0x0800a2d8       0x36 /home/vtol/src/vtol/build_px4fmu-v2_default/px4io-v2/NuttX/nuttx/nuttx-export/libs/libnuttx.a(mm-mm_addfreechunk.o)
                0x0800a2d8                mm_addfreechunk
 .text.mm_addregion
                0x0800a30e       0x50 /home/vtol/src/vtol/build_px4fmu-v2_default/px4io-v2/NuttX/nuttx/nuttx-export/libs/libnuttx.a(mm-mm_initialize.o)
                0x0800a30e                mm_addregion
 .text.mm_initialize
                0x0800a35e       0x40 /home/vtol/src/vtol/build_px4fmu-v2_default/px4io-v2/NuttX/nuttx/nuttx-export/libs/libnuttx.a(mm-mm_initialize.o)
                0x0800a35e                mm_initialize
 *fill*         0x0800a39e        0x2 
 .text.zalloc   0x0800a3a0        0xc /home/vtol/src/vtol/build_px4fmu-v2_default/px4io-v2/NuttX/nuttx/nuttx-export/libs/libnuttx.a(mm-umm_zalloc.o)
                0x0800a3a0                zalloc
 .text.up_timerisr
                0x0800a3ac        0xa /home/vtol/src/vtol/build_px4fmu-v2_default/px4io-v2/NuttX/nuttx/nuttx-export/libs/libnuttx.a(arch-stm32_timerisr.o)
                0x0800a3ac                up_timerisr
 *fill*         0x0800a3b6        0x2 
 .text.up_timer_initialize
                0x0800a3b8       0x40 /home/vtol/src/vtol/build_px4fmu-v2_default/px4io-v2/NuttX/nuttx/nuttx-export/libs/libnuttx.a(arch-stm32_timerisr.o)
                0x0800a3b8                up_timer_initialize
 .text.up_stack_frame
                0x0800a3f8       0x26 /home/vtol/src/vtol/build_px4fmu-v2_default/px4io-v2/NuttX/nuttx/nuttx-export/libs/libnuttx.a(arch-up_stackframe.o)
                0x0800a3f8                up_stack_frame
 .text.dup2     0x0800a41e       0x3e /home/vtol/src/vtol/build_px4fmu-v2_default/px4io-v2/NuttX/nuttx/nuttx-export/libs/libnuttx.a(fs-fs_dupfd2.o)
                0x0800a41e                dup2
 .text.file_detach
                0x0800a45c       0x54 /home/vtol/src/vtol/build_px4fmu-v2_default/px4io-v2/NuttX/nuttx/nuttx-export/libs/libnuttx.a(fs-fs_filedetach.o)
                0x0800a45c                file_detach
 .text.inode_alloc
                0x0800a4b0       0x3c /home/vtol/src/vtol/build_px4fmu-v2_default/px4io-v2/NuttX/nuttx/nuttx-export/libs/libnuttx.a(fs-fs_inodereserve.o)
 .text.inode_reserve
                0x0800a4ec       0xa4 /home/vtol/src/vtol/build_px4fmu-v2_default/px4io-v2/NuttX/nuttx/nuttx-export/libs/libnuttx.a(fs-fs_inodereserve.o)
                0x0800a4ec                inode_reserve
 .text.group_setuptaskfiles
                0x0800a590        0xe /home/vtol/src/vtol/build_px4fmu-v2_default/px4io-v2/NuttX/nuttx/nuttx-export/libs/libnuttx.a(sched-group_setuptaskfiles.o)
                0x0800a590                group_setuptaskfiles
 *fill*         0x0800a59e        0x2 
 .text.sched_gettcb
                0x0800a5a0       0x24 /home/vtol/src/vtol/build_px4fmu-v2_default/px4io-v2/NuttX/nuttx/nuttx-export/libs/libnuttx.a(sched-sched_gettcb.o)
                0x0800a5a0                sched_gettcb
 .text.sched_lock
                0x0800a5c4       0x1c /home/vtol/src/vtol/build_px4fmu-v2_default/px4io-v2/NuttX/nuttx/nuttx-export/libs/libnuttx.a(sched-sched_lock.o)
                0x0800a5c4                sched_lock
 .text.sched_process_timer
                0x0800a5e0       0x18 /home/vtol/src/vtol/build_px4fmu-v2_default/px4io-v2/NuttX/nuttx/nuttx-export/libs/libnuttx.a(sched-sched_processtimer.o)
                0x0800a5e0                sched_process_timer
 .text.sched_releasetcb
                0x0800a5f8       0x40 /home/vtol/src/vtol/build_px4fmu-v2_default/px4io-v2/NuttX/nuttx/nuttx-export/libs/libnuttx.a(sched-sched_releasetcb.o)
                0x0800a5f8                sched_releasetcb
 .text.sched_unlock
                0x0800a638       0x50 /home/vtol/src/vtol/build_px4fmu-v2_default/px4io-v2/NuttX/nuttx/nuttx-export/libs/libnuttx.a(sched-sched_unlock.o)
                0x0800a638                sched_unlock
 .text.task_activate
                0x0800a688       0x1a /home/vtol/src/vtol/build_px4fmu-v2_default/px4io-v2/NuttX/nuttx/nuttx-export/libs/libnuttx.a(sched-task_activate.o)
                0x0800a688                task_activate
 *fill*         0x0800a6a2        0x2 
 .text.wd_timer
                0x0800a6a4       0x68 /home/vtol/src/vtol/build_px4fmu-v2_default/px4io-v2/NuttX/nuttx/nuttx-export/libs/libnuttx.a(sched-wd_start.o)
                0x0800a6a4                wd_timer
 .text.syslog_default_flush
                0x0800a70c        0x4 /home/vtol/src/vtol/build_px4fmu-v2_default/px4io-v2/NuttX/nuttx/nuttx-export/libs/libnuttx.a(drivers-syslog_channel.o)
 .text.syslog_channel
                0x0800a710       0x14 /home/vtol/src/vtol/build_px4fmu-v2_default/px4io-v2/NuttX/nuttx/nuttx-export/libs/libnuttx.a(drivers-syslog_channel.o)
                0x0800a710                syslog_channel
 .text.syslog_putc
                0x0800a724       0x2c /home/vtol/src/vtol/build_px4fmu-v2_default/px4io-v2/NuttX/nuttx/nuttx-export/libs/libnuttx.a(drivers-syslog_putc.o)
                0x0800a724                syslog_putc
 .text.up_release_pending
                0x0800a750       0x38 /home/vtol/src/vtol/build_px4fmu-v2_default/px4io-v2/NuttX/nuttx/nuttx-export/libs/libnuttx.a(arch-up_releasepending.o)
                0x0800a750                up_release_pending
 .text.sched_idletask
                0x0800a788       0x18 /home/vtol/src/vtol/build_px4fmu-v2_default/px4io-v2/NuttX/nuttx/nuttx-export/libs/libnuttx.a(sched-sched_idletask.o)
                0x0800a788                sched_idletask
 .text.cosf     0x0800a7a0       0x78 /home/vtol/gcc-arm-none-eabi-5_4-2016q2/bin/../lib/gcc/arm-none-eabi/5.4.1/../../../../arm-none-eabi/lib/armv7-m/libm.a(lib_a-sf_cos.o)
                0x0800a7a0                cosf
 .text.fmaxf    0x0800a818       0x28 /home/vtol/gcc-arm-none-eabi-5_4-2016q2/bin/../lib/gcc/arm-none-eabi/5.4.1/../../../../arm-none-eabi/lib/armv7-m/libm.a(lib_a-sf_fmax.o)
                0x0800a818                fmaxf
 .text.fminf    0x0800a840       0x28 /home/vtol/gcc-arm-none-eabi-5_4-2016q2/bin/../lib/gcc/arm-none-eabi/5.4.1/../../../../arm-none-eabi/lib/armv7-m/libm.a(lib_a-sf_fmin.o)
                0x0800a840                fminf
 .text.__fpclassifyf
                0x0800a868       0x34 /home/vtol/gcc-arm-none-eabi-5_4-2016q2/bin/../lib/gcc/arm-none-eabi/5.4.1/../../../../arm-none-eabi/lib/armv7-m/libm.a(lib_a-sf_fpclassify.o)
                0x0800a868                __fpclassifyf
 .text.sinf     0x0800a89c       0x7c /home/vtol/gcc-arm-none-eabi-5_4-2016q2/bin/../lib/gcc/arm-none-eabi/5.4.1/../../../../arm-none-eabi/lib/armv7-m/libm.a(lib_a-sf_sin.o)
                0x0800a89c                sinf